Command line invocation:
    /Applications/Xcode.app/Contents/Developer/usr/bin/xcodebuild test -project SaneVideo.xcodeproj -scheme SaneVideo -destination platform=macOS,arch=arm64 "-only-testing:SaneVideoTests/ComprehensiveFeatureTests"

Resolve Package Graph


Resolved source packages:
  swift-metrics: https://github.com/apple/swift-metrics.git @ 2.7.1
  swift-nio-ssl: https://github.com/apple/swift-nio-ssl.git @ 2.36.0
  whisperkit: https://github.com/argmaxinc/WhisperKit @ 0.15.0
  swift-atomics: https://github.com/apple/swift-atomics.git @ 1.3.0
  swift-nio-http2: https://github.com/apple/swift-nio-http2.git @ 1.39.0
  swift-algorithms: https://github.com/apple/swift-algorithms.git @ 1.2.1
  swift-async-algorithms: https://github.com/apple/swift-async-algorithms.git @ 1.1.1
  swift-service-lifecycle: https://github.com/swift-server/swift-service-lifecycle.git @ 2.9.1
  swift-collections: https://github.com/apple/swift-collections.git @ 1.3.0
  swift-log: https://github.com/apple/swift-log.git @ 1.8.0
  swift-asn1: https://github.com/apple/swift-asn1.git @ 1.5.1
  swift-nio-transport-services: https://github.com/apple/swift-nio-transport-services.git @ 1.26.0
  async-kit: https://github.com/vapor/async-kit.git @ 1.21.0
  vapor: https://github.com/vapor/vapor.git @ 4.120.0
  async-http-client: https://github.com/swift-server/async-http-client.git @ 1.30.2
  Jinja: https://github.com/huggingface/swift-jinja.git @ 2.2.0
  swift-system: https://github.com/apple/swift-system.git @ 1.6.3
  swift-numerics: https://github.com/apple/swift-numerics.git @ 1.1.1
  swift-distributed-tracing: https://github.com/apple/swift-distributed-tracing.git @ 1.3.1
  Rainbow: https://github.com/onevcat/Rainbow @ 4.2.1
  swift-certificates: https://github.com/apple/swift-certificates.git @ 1.17.0
  swift-crypto: https://github.com/apple/swift-crypto.git @ 4.2.0
  console-kit: https://github.com/vapor/console-kit.git @ 4.15.2
  swift-argument-parser: https://github.com/apple/swift-argument-parser @ 1.7.0
  swift-service-context: https://github.com/apple/swift-service-context.git @ 1.2.1
  swift-transformers: https://github.com/huggingface/swift-transformers.git @ 1.1.6
  swift-http-structured-headers: https://github.com/apple/swift-http-structured-headers.git @ 1.6.0
  routing-kit: https://github.com/vapor/routing-kit.git @ 4.9.3
  swift-http-types: https://github.com/apple/swift-http-types.git @ 1.5.1
  swift-nio: https://github.com/apple/swift-nio.git @ 2.92.0
  SwiftGrok: https://github.com/klu-ai/swift-grok @ main (93e908c)
  swift-nio-extras: https://github.com/apple/swift-nio-extras.git @ 1.31.2
  multipart-kit: https://github.com/vapor/multipart-kit.git @ 4.7.1
  websocket-kit: https://github.com/vapor/websocket-kit.git @ 2.16.1

ComputePackagePrebuildTargetDependencyGraph

Prepare packages

CreateBuildRequest

SendProjectDescription

CreateBuildOperation

ComputeTargetDependencyGraph
note: Building targets in dependency order
note: Target dependency graph (17 targets)
    Target 'SaneVideoUITests' in project 'SaneVideo'
        ➜ Explicit dependency on target 'SaneVideo' in project 'SaneVideo'
    Target 'SaneVideoTests' in project 'SaneVideo'
        ➜ Explicit dependency on target 'SaneVideo' in project 'SaneVideo'
    Target 'SaneVideo' in project 'SaneVideo'
        ➜ Explicit dependency on target 'GrokClient' in project 'SwiftGrok'
        ➜ Explicit dependency on target 'WhisperKit' in project 'whisperkit'
    Target 'WhisperKit' in project 'whisperkit'
        ➜ Explicit dependency on target 'WhisperKit' in project 'whisperkit'
        ➜ Explicit dependency on target 'Hub' in project 'swift-transformers'
        ➜ Explicit dependency on target 'Tokenizers' in project 'swift-transformers'
    Target 'WhisperKit' in project 'whisperkit'
        ➜ Explicit dependency on target 'Hub' in project 'swift-transformers'
        ➜ Explicit dependency on target 'Tokenizers' in project 'swift-transformers'
    Target 'Tokenizers' in project 'swift-transformers'
        ➜ Explicit dependency on target 'Tokenizers' in project 'swift-transformers'
        ➜ Explicit dependency on target 'Hub' in project 'swift-transformers'
        ➜ Explicit dependency on target 'Jinja' in project 'Jinja'
        ➜ Explicit dependency on target 'OrderedCollections' in project 'swift-collections'
    Target 'Tokenizers' in project 'swift-transformers'
        ➜ Explicit dependency on target 'Hub' in project 'swift-transformers'
        ➜ Explicit dependency on target 'Jinja' in project 'Jinja'
        ➜ Explicit dependency on target 'OrderedCollections' in project 'swift-collections'
    Target 'Hub' in project 'swift-transformers'
        ➜ Explicit dependency on target 'Hub' in project 'swift-transformers'
        ➜ Explicit dependency on target 'swift-transformers_Hub' in project 'swift-transformers'
        ➜ Explicit dependency on target 'Jinja' in project 'Jinja'
        ➜ Explicit dependency on target 'OrderedCollections' in project 'swift-collections'
    Target 'Hub' in project 'swift-transformers'
        ➜ Explicit dependency on target 'swift-transformers_Hub' in project 'swift-transformers'
        ➜ Explicit dependency on target 'Jinja' in project 'Jinja'
        ➜ Explicit dependency on target 'OrderedCollections' in project 'swift-collections'
    Target 'Jinja' in project 'Jinja'
        ➜ Explicit dependency on target 'Jinja' in project 'Jinja'
        ➜ Explicit dependency on target 'OrderedCollections' in project 'swift-collections'
    Target 'Jinja' in project 'Jinja'
        ➜ Explicit dependency on target 'OrderedCollections' in project 'swift-collections'
    Target 'OrderedCollections' in project 'swift-collections'
        ➜ Explicit dependency on target 'OrderedCollections' in project 'swift-collections'
        ➜ Explicit dependency on target 'InternalCollectionsUtilities' in project 'swift-collections'
    Target 'OrderedCollections' in project 'swift-collections'
        ➜ Explicit dependency on target 'InternalCollectionsUtilities' in project 'swift-collections'
    Target 'InternalCollectionsUtilities' in project 'swift-collections' (no dependencies)
    Target 'swift-transformers_Hub' in project 'swift-transformers' (no dependencies)
    Target 'GrokClient' in project 'SwiftGrok'
        ➜ Explicit dependency on target 'GrokClient' in project 'SwiftGrok'
    Target 'GrokClient' in project 'SwiftGrok' (no dependencies)

GatherProvisioningInputs

CreateBuildDescription

ClangStatCache /Applications/Xcode.app/Contents/Developer/Toolchains/XcodeDefault.xctoolchain/usr/bin/clang-stat-cache /Applications/Xcode.app/Contents/Developer/Platforms/MacOSX.platform/Developer/SDKs/MacOSX26.2.sdk /Users/sj/Library/Developer/Xcode/DerivedData/SDKStatCaches.noindex/macosx26.2-25C57-3885c01c3e6b6a337905948deab2002e00fa09913b459cbbc988d1f6730289ae.sdkstatcache
    cd /Users/sj/SaneVideo/SaneVideo.xcodeproj
    /Applications/Xcode.app/Contents/Developer/Toolchains/XcodeDefault.xctoolchain/usr/bin/clang-stat-cache /Applications/Xcode.app/Contents/Developer/Platforms/MacOSX.platform/Developer/SDKs/MacOSX26.2.sdk -o /Users/sj/Library/Developer/Xcode/DerivedData/SDKStatCaches.noindex/macosx26.2-25C57-3885c01c3e6b6a337905948deab2002e00fa09913b459cbbc988d1f6730289ae.sdkstatcache

ProcessInfoPlistFile /Users/sj/Library/Developer/Xcode/DerivedData/SaneVideo-earhevoqwfzlcscgrlqxftjqjxps/Build/Products/Debug/swift-transformers_Hub.bundle/Contents/Info.plist /Users/sj/Library/Developer/Xcode/DerivedData/SaneVideo-earhevoqwfzlcscgrlqxftjqjxps/Build/Intermediates.noindex/swift-transformers.build/Debug/swift-transformers_Hub.build/empty-swift-transformers_Hub.plist (in target 'swift-transformers_Hub' from project 'swift-transformers')
    cd /Users/sj/Library/Developer/Xcode/DerivedData/SaneVideo-earhevoqwfzlcscgrlqxftjqjxps/SourcePackages/checkouts/swift-transformers
    builtin-infoPlistUtility /Users/sj/Library/Developer/Xcode/DerivedData/SaneVideo-earhevoqwfzlcscgrlqxftjqjxps/Build/Intermediates.noindex/swift-transformers.build/Debug/swift-transformers_Hub.build/empty-swift-transformers_Hub.plist -producttype com.apple.product-type.bundle -expandbuildsettings -platform macosx -o /Users/sj/Library/Developer/Xcode/DerivedData/SaneVideo-earhevoqwfzlcscgrlqxftjqjxps/Build/Products/Debug/swift-transformers_Hub.bundle/Contents/Info.plist

ProcessProductPackaging /Users/sj/SaneVideo/SaneVideo/SaneVideo.entitlements /Users/sj/Library/Developer/Xcode/DerivedData/SaneVideo-earhevoqwfzlcscgrlqxftjqjxps/Build/Intermediates.noindex/SaneVideo.build/Debug/SaneVideo.build/SaneVideo.app.xcent (in target 'SaneVideo' from project 'SaneVideo')
    cd /Users/sj/SaneVideo
    
    Entitlements:
    
    {
    "com.apple.security.app-sandbox" = 1;
    "com.apple.security.assets.movies.read-write" = 1;
    "com.apple.security.device.camera" = 1;
    "com.apple.security.device.microphone" = 1;
    "com.apple.security.files.user-selected.read-write" = 1;
    "com.apple.security.get-task-allow" = 1;
    "com.apple.security.temporary-exception.apple-events" =     (
        "com.apple.screenCaptureUI"
    );
}
    
    builtin-productPackagingUtility /Users/sj/SaneVideo/SaneVideo/SaneVideo.entitlements -entitlements -format xml -o /Users/sj/Library/Developer/Xcode/DerivedData/SaneVideo-earhevoqwfzlcscgrlqxftjqjxps/Build/Intermediates.noindex/SaneVideo.build/Debug/SaneVideo.build/SaneVideo.app.xcent

ProcessProductPackagingDER /Users/sj/Library/Developer/Xcode/DerivedData/SaneVideo-earhevoqwfzlcscgrlqxftjqjxps/Build/Intermediates.noindex/SaneVideo.build/Debug/SaneVideo.build/SaneVideo.app.xcent /Users/sj/Library/Developer/Xcode/DerivedData/SaneVideo-earhevoqwfzlcscgrlqxftjqjxps/Build/Intermediates.noindex/SaneVideo.build/Debug/SaneVideo.build/SaneVideo.app.xcent.der (in target 'SaneVideo' from project 'SaneVideo')
    cd /Users/sj/SaneVideo
    /usr/bin/derq query -f xml -i /Users/sj/Library/Developer/Xcode/DerivedData/SaneVideo-earhevoqwfzlcscgrlqxftjqjxps/Build/Intermediates.noindex/SaneVideo.build/Debug/SaneVideo.build/SaneVideo.app.xcent -o /Users/sj/Library/Developer/Xcode/DerivedData/SaneVideo-earhevoqwfzlcscgrlqxftjqjxps/Build/Intermediates.noindex/SaneVideo.build/Debug/SaneVideo.build/SaneVideo.app.xcent.der --raw

PhaseScriptExecution Run\ SwiftLint /Users/sj/Library/Developer/Xcode/DerivedData/SaneVideo-earhevoqwfzlcscgrlqxftjqjxps/Build/Intermediates.noindex/SaneVideo.build/Debug/SaneVideo.build/Script-296A32EFF77C2AA766EE9E6E.sh (in target 'SaneVideo' from project 'SaneVideo')
    cd /Users/sj/SaneVideo
    export ACTION\=build
    export AD_HOC_CODE_SIGNING_ALLOWED\=YES
    export AGGREGATE_TRACKED_DOMAINS\=YES
    export ALLOW_BUILD_REQUEST_OVERRIDES\=NO
    export ALLOW_TARGET_PLATFORM_SPECIALIZATION\=NO
    export ALTERNATE_GROUP\=staff
    export ALTERNATE_MODE\=u+w,go-w,a+rX
    export ALTERNATE_OWNER\=sj
    export ALTERNATIVE_DISTRIBUTION_WEB\=NO
    export ALWAYS_EMBED_SWIFT_STANDARD_LIBRARIES\=NO
    export ALWAYS_SEARCH_USER_PATHS\=NO
    export ALWAYS_USE_SEPARATE_HEADERMAPS\=NO
    export APPLICATION_EXTENSION_API_ONLY\=NO
    export APPLY_RULES_IN_COPY_FILES\=NO
    export APPLY_RULES_IN_COPY_HEADERS\=NO
    export APP_SHORTCUTS_ENABLE_FLEXIBLE_MATCHING\=YES
    export ARCHS\=arm64
    export ARCHS_STANDARD\=arm64\ x86_64
    export ARCHS_STANDARD_32_64_BIT\=arm64\ x86_64\ i386
    export ARCHS_STANDARD_32_BIT\=i386
    export ARCHS_STANDARD_64_BIT\=arm64\ x86_64
    export ARCHS_STANDARD_INCLUDING_64_BIT\=arm64\ x86_64
    export ASSETCATALOG_COMPILER_APPICON_NAME\=AppIcon
    export ASSETCATALOG_COMPILER_GENERATE_SWIFT_ASSET_SYMBOL_EXTENSIONS\=YES
    export AUTOMATICALLY_MERGE_DEPENDENCIES\=NO
    export AUTOMATION_APPLE_EVENTS\=NO
    export AVAILABLE_PLATFORMS\=android\ appletvos\ appletvsimulator\ driverkit\ iphoneos\ iphonesimulator\ macosx\ qnx\ watchos\ watchsimulator\ webassembly\ xros\ xrsimulator
    export BUILD_ACTIVE_RESOURCES_ONLY\=NO
    export BUILD_COMPONENTS\=headers\ build
    export BUILD_DIR\=/Users/sj/Library/Developer/Xcode/DerivedData/SaneVideo-earhevoqwfzlcscgrlqxftjqjxps/Build/Products
    export BUILD_LIBRARY_FOR_DISTRIBUTION\=NO
    export BUILD_ROOT\=/Users/sj/Library/Developer/Xcode/DerivedData/SaneVideo-earhevoqwfzlcscgrlqxftjqjxps/Build/Products
    export BUILD_STYLE\=
    export BUILD_VARIANTS\=normal
    export BUILT_PRODUCTS_DIR\=/Users/sj/Library/Developer/Xcode/DerivedData/SaneVideo-earhevoqwfzlcscgrlqxftjqjxps/Build/Products/Debug
    export BUNDLE_CONTENTS_FOLDER_PATH\=Contents/
    export BUNDLE_CONTENTS_FOLDER_PATH_deep\=Contents/
    export BUNDLE_EXECUTABLE_FOLDER_NAME_deep\=MacOS
    export BUNDLE_EXECUTABLE_FOLDER_PATH\=Contents/MacOS
    export BUNDLE_EXTENSIONS_FOLDER_PATH\=Contents/Extensions
    export BUNDLE_FORMAT\=deep
    export BUNDLE_FRAMEWORKS_FOLDER_PATH\=Contents/Frameworks
    export BUNDLE_PLUGINS_FOLDER_PATH\=Contents/PlugIns
    export BUNDLE_PRIVATE_HEADERS_FOLDER_PATH\=Contents/PrivateHeaders
    export BUNDLE_PUBLIC_HEADERS_FOLDER_PATH\=Contents/Headers
    export CACHE_ROOT\=/var/folders/4w/nny6hhc57xnc3c3nnxzn90pw0000gn/C/com.apple.DeveloperTools/26.2-17C52/Xcode
    export CCHROOT\=/var/folders/4w/nny6hhc57xnc3c3nnxzn90pw0000gn/C/com.apple.DeveloperTools/26.2-17C52/Xcode
    export CHMOD\=/bin/chmod
    export CHOWN\=/usr/sbin/chown
    export CLANG_ANALYZER_NONNULL\=YES
    export CLANG_ANALYZER_NUMBER_OBJECT_CONVERSION\=YES_AGGRESSIVE
    export CLANG_CACHE_FINE_GRAINED_OUTPUTS\=YES
    export CLANG_CXX_LANGUAGE_STANDARD\=gnu++14
    export CLANG_CXX_LIBRARY\=libc++
    export CLANG_ENABLE_EXPLICIT_MODULES\=YES
    export CLANG_ENABLE_MODULES\=YES
    export CLANG_ENABLE_OBJC_ARC\=YES
    export CLANG_ENABLE_OBJC_WEAK\=YES
    export CLANG_MODULES_BUILD_SESSION_FILE\=/Users/sj/Library/Developer/Xcode/DerivedData/ModuleCache.noindex/Session.modulevalidation
    export CLANG_WARN_BLOCK_CAPTURE_AUTORELEASING\=YES
    export CLANG_WARN_BOOL_CONVERSION\=YES
    export CLANG_WARN_COMMA\=YES
    export CLANG_WARN_CONSTANT_CONVERSION\=YES
    export CLANG_WARN_DEPRECATED_OBJC_IMPLEMENTATIONS\=YES
    export CLANG_WARN_DIRECT_OBJC_ISA_USAGE\=YES_ERROR
    export CLANG_WARN_DOCUMENTATION_COMMENTS\=YES
    export CLANG_WARN_EMPTY_BODY\=YES
    export CLANG_WARN_ENUM_CONVERSION\=YES
    export CLANG_WARN_INFINITE_RECURSION\=YES
    export CLANG_WARN_INT_CONVERSION\=YES
    export CLANG_WARN_NON_LITERAL_NULL_CONVERSION\=YES
    export CLANG_WARN_OBJC_IMPLICIT_RETAIN_SELF\=YES
    export CLANG_WARN_OBJC_LITERAL_CONVERSION\=YES
    export CLANG_WARN_OBJC_ROOT_CLASS\=YES_ERROR
    export CLANG_WARN_QUOTED_INCLUDE_IN_FRAMEWORK_HEADER\=YES
    export CLANG_WARN_RANGE_LOOP_ANALYSIS\=YES
    export CLANG_WARN_STRICT_PROTOTYPES\=YES
    export CLANG_WARN_SUSPICIOUS_MOVE\=YES
    export CLANG_WARN_UNGUARDED_AVAILABILITY\=YES_AGGRESSIVE
    export CLANG_WARN_UNREACHABLE_CODE\=YES
    export CLANG_WARN__DUPLICATE_METHOD_MATCH\=YES
    export CLASS_FILE_DIR\=/Users/sj/Library/Developer/Xcode/DerivedData/SaneVideo-earhevoqwfzlcscgrlqxftjqjxps/Build/Intermediates.noindex/SaneVideo.build/Debug/SaneVideo.build/JavaClasses
    export CLEAN_PRECOMPS\=YES
    export CLONE_HEADERS\=NO
    export CODESIGNING_FOLDER_PATH\=/Users/sj/Library/Developer/Xcode/DerivedData/SaneVideo-earhevoqwfzlcscgrlqxftjqjxps/Build/Products/Debug/SaneVideo.app
    export CODE_SIGNING_ALLOWED\=YES
    export CODE_SIGNING_REQUIRED\=YES
    export CODE_SIGN_ENTITLEMENTS\=SaneVideo/SaneVideo.entitlements
    export CODE_SIGN_IDENTITY\=-
    export CODE_SIGN_IDENTITY_NO\=Apple\ Development
    export CODE_SIGN_IDENTITY_YES\=-
    export CODE_SIGN_INJECT_BASE_ENTITLEMENTS\=YES
    export CODE_SIGN_STYLE\=Manual
    export COLOR_DIAGNOSTICS\=NO
    export COMBINE_HIDPI_IMAGES\=YES
    export COMPILATION_CACHE_CAS_PATH\=/Users/sj/Library/Developer/Xcode/DerivedData/CompilationCache.noindex
    export COMPILATION_CACHE_KEEP_CAS_DIRECTORY\=YES
    export COMPILER_INDEX_STORE_ENABLE\=Default
    export COMPOSITE_SDK_DIRS\=/Users/sj/Library/Developer/Xcode/DerivedData/SaneVideo-earhevoqwfzlcscgrlqxftjqjxps/Build/Intermediates.noindex/CompositeSDKs
    export COMPRESS_PNG_FILES\=NO
    export CONFIGURATION\=Debug
    export CONFIGURATION_BUILD_DIR\=/Users/sj/Library/Developer/Xcode/DerivedData/SaneVideo-earhevoqwfzlcscgrlqxftjqjxps/Build/Products/Debug
    export CONFIGURATION_TEMP_DIR\=/Users/sj/Library/Developer/Xcode/DerivedData/SaneVideo-earhevoqwfzlcscgrlqxftjqjxps/Build/Intermediates.noindex/SaneVideo.build/Debug
    export CONTENTS_FOLDER_PATH\=SaneVideo.app/Contents
    export CONTENTS_FOLDER_PATH_SHALLOW_BUNDLE_NO\=SaneVideo.app/Contents
    export CONTENTS_FOLDER_PATH_SHALLOW_BUNDLE_YES\=SaneVideo.app
    export COPYING_PRESERVES_HFS_DATA\=NO
    export COPY_HEADERS_RUN_UNIFDEF\=NO
    export COPY_PHASE_STRIP\=NO
    export CP\=/bin/cp
    export CREATE_INFOPLIST_SECTION_IN_BINARY\=NO
    export CURRENT_ARCH\=undefined_arch
    export CURRENT_VARIANT\=normal
    export DEAD_CODE_STRIPPING\=YES
    export DEBUGGING_SYMBOLS\=YES
    export DEBUG_INFORMATION_FORMAT\=dwarf
    export DEBUG_INFORMATION_VERSION\=compiler-default
    export DEFAULT_COMPILER\=com.apple.compilers.llvm.clang.1_0
    export DEFAULT_DEXT_INSTALL_PATH\=/System/Library/DriverExtensions
    export DEFAULT_KEXT_INSTALL_PATH\=/System/Library/Extensions
    export DEFINES_MODULE\=NO
    export DEPLOYMENT_LOCATION\=NO
    export DEPLOYMENT_POSTPROCESSING\=NO
    export DEPLOYMENT_TARGET_SETTING_NAME\=MACOSX_DEPLOYMENT_TARGET
    export DEPLOYMENT_TARGET_SUGGESTED_VALUES\=10.13\ 10.14\ 10.15\ 11.0\ 11.1\ 11.2\ 11.3\ 11.4\ 11.5\ 12.0\ 12.2\ 12.3\ 12.4\ 13.0\ 13.1\ 13.2\ 13.3\ 13.4\ 13.5\ 14.0\ 14.1\ 14.2\ 14.3\ 14.4\ 14.5\ 14.6\ 15.0\ 15.1\ 15.2\ 15.3\ 15.4\ 15.5\ 15.6\ 26.0\ 26.1\ 26.2
    export DERIVED_FILES_DIR\=/Users/sj/Library/Developer/Xcode/DerivedData/SaneVideo-earhevoqwfzlcscgrlqxftjqjxps/Build/Intermediates.noindex/SaneVideo.build/Debug/SaneVideo.build/DerivedSources
    export DERIVED_FILE_DIR\=/Users/sj/Library/Developer/Xcode/DerivedData/SaneVideo-earhevoqwfzlcscgrlqxftjqjxps/Build/Intermediates.noindex/SaneVideo.build/Debug/SaneVideo.build/DerivedSources
    export DERIVED_SOURCES_DIR\=/Users/sj/Library/Developer/Xcode/DerivedData/SaneVideo-earhevoqwfzlcscgrlqxftjqjxps/Build/Intermediates.noindex/SaneVideo.build/Debug/SaneVideo.build/DerivedSources
    export DEVELOPER_APPLICATIONS_DIR\=/Applications/Xcode.app/Contents/Developer/Applications
    export DEVELOPER_BIN_DIR\=/Applications/Xcode.app/Contents/Developer/usr/bin
    export DEVELOPER_DIR\=/Applications/Xcode.app/Contents/Developer
    export DEVELOPER_FRAMEWORKS_DIR\=/Applications/Xcode.app/Contents/Developer/Library/Frameworks
    export DEVELOPER_FRAMEWORKS_DIR_QUOTED\=/Applications/Xcode.app/Contents/Developer/Library/Frameworks
    export DEVELOPER_LIBRARY_DIR\=/Applications/Xcode.app/Contents/Developer/Library
    export DEVELOPER_SDK_DIR\=/Applications/Xcode.app/Contents/Developer/Platforms/MacOSX.platform/Developer/SDKs
    export DEVELOPER_TOOLS_DIR\=/Applications/Xcode.app/Contents/Developer/Tools
    export DEVELOPER_USR_DIR\=/Applications/Xcode.app/Contents/Developer/usr
    export DEVELOPMENT_LANGUAGE\=en
    export DIAGNOSE_MISSING_TARGET_DEPENDENCIES\=YES
    export DIFF\=/usr/bin/diff
    export DOCUMENTATION_FOLDER_PATH\=SaneVideo.app/Contents/Resources/en.lproj/Documentation
    export DONT_GENERATE_INFOPLIST_FILE\=NO
    export DSTROOT\=/tmp/SaneVideo.dst
    export DT_TOOLCHAIN_DIR\=/Applications/Xcode.app/Contents/Developer/Toolchains/XcodeDefault.xctoolchain
    export DWARF_DSYM_FILE_NAME\=SaneVideo.app.dSYM
    export DWARF_DSYM_FILE_SHOULD_ACCOMPANY_PRODUCT\=NO
    export DWARF_DSYM_FOLDER_PATH\=/Users/sj/Library/Developer/Xcode/DerivedData/SaneVideo-earhevoqwfzlcscgrlqxftjqjxps/Build/Products/Debug
    export DYNAMIC_LIBRARY_EXTENSION\=dylib
    export EAGER_COMPILATION_ALLOW_SCRIPTS\=NO
    export EAGER_LINKING\=NO
    export EMBEDDED_CONTENT_CONTAINS_SWIFT\=NO
    export EMBEDDED_PROFILE_NAME\=embedded.provisionprofile
    export EMBED_ASSET_PACKS_IN_PRODUCT_BUNDLE\=NO
    export EMBED_PACKAGE_RESOURCE_BUNDLE_NAMES\=\ swift-transformers_Hub
    export ENABLE_APP_SANDBOX\=NO
    export ENABLE_CODE_COVERAGE\=YES
    export ENABLE_CPLUSPLUS_BOUNDS_SAFE_BUFFERS\=NO
    export ENABLE_C_BOUNDS_SAFETY\=NO
    export ENABLE_DEBUG_DYLIB\=YES
    export ENABLE_DEFAULT_HEADER_SEARCH_PATHS\=YES
    export ENABLE_DEFAULT_SEARCH_PATHS\=YES
    export ENABLE_ENHANCED_SECURITY\=NO
    export ENABLE_HARDENED_RUNTIME\=NO
    export ENABLE_HEADER_DEPENDENCIES\=YES
    export ENABLE_INCOMING_NETWORK_CONNECTIONS\=NO
    export ENABLE_ON_DEMAND_RESOURCES\=NO
    export ENABLE_OUTGOING_NETWORK_CONNECTIONS\=NO
    export ENABLE_POINTER_AUTHENTICATION\=NO
    export ENABLE_PREVIEWS\=NO
    export ENABLE_RESOURCE_ACCESS_AUDIO_INPUT\=NO
    export ENABLE_RESOURCE_ACCESS_BLUETOOTH\=NO
    export ENABLE_RESOURCE_ACCESS_CALENDARS\=NO
    export ENABLE_RESOURCE_ACCESS_CAMERA\=NO
    export ENABLE_RESOURCE_ACCESS_CONTACTS\=NO
    export ENABLE_RESOURCE_ACCESS_LOCATION\=NO
    export ENABLE_RESOURCE_ACCESS_PHOTO_LIBRARY\=NO
    export ENABLE_RESOURCE_ACCESS_PRINTING\=NO
    export ENABLE_RESOURCE_ACCESS_USB\=NO
    export ENABLE_SDK_IMPORTS\=NO
    export ENABLE_SECURITY_COMPILER_WARNINGS\=NO
    export ENABLE_STRICT_OBJC_MSGSEND\=YES
    export ENABLE_TESTABILITY\=YES
    export ENABLE_TESTING_SEARCH_PATHS\=NO
    export ENABLE_USER_SCRIPT_SANDBOXING\=NO
    export ENABLE_XOJIT_PREVIEWS\=YES
    export ENFORCE_VALID_ARCHS\=YES
    export ENTITLEMENTS_ALLOWED\=YES
    export ENTITLEMENTS_DESTINATION\=Signature
    export ENTITLEMENTS_REQUIRED\=NO
    export EXCLUDED_INSTALLSRC_SUBDIRECTORY_PATTERNS\=.DS_Store\ .svn\ .git\ .hg\ CVS
    export EXCLUDED_RECURSIVE_SEARCH_PATH_SUBDIRECTORIES\=\*.nib\ \*.lproj\ \*.framework\ \*.gch\ \*.xcode\*\ \*.xcassets\ \*.icon\ \(\*\)\ .DS_Store\ CVS\ .svn\ .git\ .hg\ \*.pbproj\ \*.pbxproj
    export EXECUTABLES_FOLDER_PATH\=SaneVideo.app/Contents/Executables
    export EXECUTABLE_BLANK_INJECTION_DYLIB_PATH\=SaneVideo.app/Contents/MacOS/__preview.dylib
    export EXECUTABLE_DEBUG_DYLIB_INSTALL_NAME\=@rpath/SaneVideo.debug.dylib
    export EXECUTABLE_DEBUG_DYLIB_PATH\=SaneVideo.app/Contents/MacOS/SaneVideo.debug.dylib
    export EXECUTABLE_FOLDER_PATH\=SaneVideo.app/Contents/MacOS
    export EXECUTABLE_FOLDER_PATH_SHALLOW_BUNDLE_NO\=SaneVideo.app/Contents/MacOS
    export EXECUTABLE_FOLDER_PATH_SHALLOW_BUNDLE_YES\=SaneVideo.app/Contents
    export EXECUTABLE_NAME\=SaneVideo
    export EXECUTABLE_PATH\=SaneVideo.app/Contents/MacOS/SaneVideo
    export EXPANDED_CODE_SIGN_IDENTITY\=-
    export EXPANDED_CODE_SIGN_IDENTITY_NAME\=Sign\ to\ Run\ Locally
    export EXTENSIONS_FOLDER_PATH\=SaneVideo.app/Contents/Extensions
    export FILE_LIST\=/Users/sj/Library/Developer/Xcode/DerivedData/SaneVideo-earhevoqwfzlcscgrlqxftjqjxps/Build/Intermediates.noindex/SaneVideo.build/Debug/SaneVideo.build/Objects/LinkFileList
    export FIXED_FILES_DIR\=/Users/sj/Library/Developer/Xcode/DerivedData/SaneVideo-earhevoqwfzlcscgrlqxftjqjxps/Build/Intermediates.noindex/SaneVideo.build/Debug/SaneVideo.build/FixedFiles
    export FRAMEWORKS_FOLDER_PATH\=SaneVideo.app/Contents/Frameworks
    export FRAMEWORK_FLAG_PREFIX\=-framework
    export FRAMEWORK_SEARCH_PATHS\=/Users/sj/Library/Developer/Xcode/DerivedData/SaneVideo-earhevoqwfzlcscgrlqxftjqjxps/Build/Products/Debug/PackageFrameworks\ /Users/sj/Library/Developer/Xcode/DerivedData/SaneVideo-earhevoqwfzlcscgrlqxftjqjxps/Build/Products/Debug/PackageFrameworks\ /Users/sj/Library/Developer/Xcode/DerivedData/SaneVideo-earhevoqwfzlcscgrlqxftjqjxps/Build/Products/Debug/PackageFrameworks\ /Users/sj/Library/Developer/Xcode/DerivedData/SaneVideo-earhevoqwfzlcscgrlqxftjqjxps/Build/Products/Debug/PackageFrameworks\ /Users/sj/Library/Developer/Xcode/DerivedData/SaneVideo-earhevoqwfzlcscgrlqxftjqjxps/Build/Products/Debug/PackageFrameworks\ /Users/sj/Library/Developer/Xcode/DerivedData/SaneVideo-earhevoqwfzlcscgrlqxftjqjxps/Build/Products/Debug/PackageFrameworks\ /Users/sj/Library/Developer/Xcode/DerivedData/SaneVideo-earhevoqwfzlcscgrlqxftjqjxps/Build/Products/Debug/PackageFrameworks\ /Users/sj/Library/Developer/Xcode/DerivedData/SaneVideo-earhevoqwfzlcscgrlqxftjqjxps/Build/Products/Debug\ 
    export FRAMEWORK_VERSION\=A
    export FULL_PRODUCT_NAME\=SaneVideo.app
    export FUSE_BUILD_PHASES\=YES
    export FUSE_BUILD_SCRIPT_PHASES\=NO
    export GCC3_VERSION\=3.3
    export GCC_C_LANGUAGE_STANDARD\=gnu11
    export GCC_DYNAMIC_NO_PIC\=NO
    export GCC_INLINES_ARE_PRIVATE_EXTERN\=YES
    export GCC_NO_COMMON_BLOCKS\=YES
    export GCC_OPTIMIZATION_LEVEL\=0
    export GCC_PFE_FILE_C_DIALECTS\=c\ objective-c\ c++\ objective-c++
    export GCC_PREPROCESSOR_DEFINITIONS\=\ DEBUG\=1
    export GCC_SYMBOLS_PRIVATE_EXTERN\=NO
    export GCC_TREAT_WARNINGS_AS_ERRORS\=NO
    export GCC_VERSION\=com.apple.compilers.llvm.clang.1_0
    export GCC_VERSION_IDENTIFIER\=com_apple_compilers_llvm_clang_1_0
    export GCC_WARN_64_TO_32_BIT_CONVERSION\=YES
    export GCC_WARN_ABOUT_RETURN_TYPE\=YES_ERROR
    export GCC_WARN_UNDECLARED_SELECTOR\=YES
    export GCC_WARN_UNINITIALIZED_AUTOS\=YES_AGGRESSIVE
    export GCC_WARN_UNUSED_FUNCTION\=YES
    export GCC_WARN_UNUSED_VARIABLE\=YES
    export GENERATED_MODULEMAP_DIR\=/Users/sj/Library/Developer/Xcode/DerivedData/SaneVideo-earhevoqwfzlcscgrlqxftjqjxps/Build/Intermediates.noindex/GeneratedModuleMaps
    export GENERATE_INFOPLIST_FILE\=NO
    export GENERATE_INTERMEDIATE_TEXT_BASED_STUBS\=YES
    export GENERATE_PKGINFO_FILE\=YES
    export GENERATE_PRELINK_OBJECT_FILE\=NO
    export GENERATE_PROFILING_CODE\=NO
    export GENERATE_TEXT_BASED_STUBS\=NO
    export GID\=20
    export GROUP\=staff
    export HEADERMAP_INCLUDES_FLAT_ENTRIES_FOR_TARGET_BEING_BUILT\=YES
    export HEADERMAP_INCLUDES_FRAMEWORK_ENTRIES_FOR_ALL_PRODUCT_TYPES\=YES
    export HEADERMAP_INCLUDES_FRAMEWORK_ENTRIES_FOR_TARGETS_NOT_BEING_BUILT\=YES
    export HEADERMAP_INCLUDES_NONPUBLIC_NONPRIVATE_HEADERS\=YES
    export HEADERMAP_INCLUDES_PROJECT_HEADERS\=YES
    export HEADERMAP_USES_FRAMEWORK_PREFIX_ENTRIES\=YES
    export HEADERMAP_USES_VFS\=NO
    export HEADER_SEARCH_PATHS\=/Users/sj/Library/Developer/Xcode/DerivedData/SaneVideo-earhevoqwfzlcscgrlqxftjqjxps/Build/Products/Debug/include\ 
    export HOME\=/Users/sj
    export HOST_ARCH\=arm64
    export HOST_PLATFORM\=macosx
    export ICONV\=/usr/bin/iconv
    export IMPLICIT_DEPENDENCY_DOMAIN\=default
    export INFOPLIST_ENABLE_CFBUNDLEICONS_MERGE\=YES
    export INFOPLIST_EXPAND_BUILD_SETTINGS\=YES
    export INFOPLIST_FILE\=SaneVideo/Info.plist
    export INFOPLIST_OUTPUT_FORMAT\=same-as-input
    export INFOPLIST_PATH\=SaneVideo.app/Contents/Info.plist
    export INFOPLIST_PREPROCESS\=NO
    export INFOSTRINGS_PATH\=SaneVideo.app/Contents/Resources/en.lproj/InfoPlist.strings
    export INLINE_PRIVATE_FRAMEWORKS\=NO
    export INSTALLAPI_IGNORE_SKIP_INSTALL\=YES
    export INSTALLHDRS_COPY_PHASE\=NO
    export INSTALLHDRS_SCRIPT_PHASE\=NO
    export INSTALL_DIR\=/tmp/SaneVideo.dst/Applications
    export INSTALL_GROUP\=staff
    export INSTALL_MODE_FLAG\=u+w,go-w,a+rX
    export INSTALL_OWNER\=sj
    export INSTALL_PATH\=/Applications
    export INSTALL_ROOT\=/tmp/SaneVideo.dst
    export IOS_UNZIPPERED_TWIN_PREFIX_PATH\=/System/iOSSupport
    export IS_MACCATALYST\=NO
    export IS_UNOPTIMIZED_BUILD\=YES
    export JAVAC_DEFAULT_FLAGS\=-J-Xms64m\ -J-XX:NewSize\=4M\ -J-Dfile.encoding\=UTF8
    export JAVA_APP_STUB\=/System/Library/Frameworks/JavaVM.framework/Resources/MacOS/JavaApplicationStub
    export JAVA_ARCHIVE_CLASSES\=YES
    export JAVA_ARCHIVE_TYPE\=JAR
    export JAVA_COMPILER\=/usr/bin/javac
    export JAVA_FOLDER_PATH\=SaneVideo.app/Contents/Resources/Java
    export JAVA_FRAMEWORK_RESOURCES_DIRS\=Resources
    export JAVA_JAR_FLAGS\=cv
    export JAVA_SOURCE_SUBDIR\=.
    export JAVA_USE_DEPENDENCIES\=YES
    export JAVA_ZIP_FLAGS\=-urg
    export JIKES_DEFAULT_FLAGS\=+E\ +OLDCSO
    export KASAN_CFLAGS_CLASSIC\=-DKASAN\=1\ -DKASAN_CLASSIC\=1\ -fsanitize\=address\ -mllvm\ -asan-globals-live-support\ -mllvm\ -asan-force-dynamic-shadow
    export KASAN_CFLAGS_TBI\=-DKASAN\=1\ -DKASAN_TBI\=1\ -fsanitize\=kernel-hwaddress\ -mllvm\ -hwasan-recover\=0\ -mllvm\ -hwasan-instrument-atomics\=0\ -mllvm\ -hwasan-instrument-stack\=1\ -mllvm\ -hwasan-generate-tags-with-calls\=1\ -mllvm\ -hwasan-instrument-with-calls\=1\ -mllvm\ -hwasan-use-short-granules\=0\ -mllvm\ -hwasan-memory-access-callback-prefix\=__asan_
    export KASAN_DEFAULT_CFLAGS\=-DKASAN\=1\ -DKASAN_CLASSIC\=1\ -fsanitize\=address\ -mllvm\ -asan-globals-live-support\ -mllvm\ -asan-force-dynamic-shadow
    export KEEP_PRIVATE_EXTERNS\=NO
    export LD_DEPENDENCY_INFO_FILE\=/Users/sj/Library/Developer/Xcode/DerivedData/SaneVideo-earhevoqwfzlcscgrlqxftjqjxps/Build/Intermediates.noindex/SaneVideo.build/Debug/SaneVideo.build/Objects-normal/undefined_arch/SaneVideo_dependency_info.dat
    export LD_EXPORT_SYMBOLS\=YES
    export LD_GENERATE_MAP_FILE\=NO
    export LD_MAP_FILE_PATH\=/Users/sj/Library/Developer/Xcode/DerivedData/SaneVideo-earhevoqwfzlcscgrlqxftjqjxps/Build/Intermediates.noindex/SaneVideo.build/Debug/SaneVideo.build/SaneVideo-LinkMap-normal-undefined_arch.txt
    export LD_NO_PIE\=NO
    export LD_QUOTE_LINKER_ARGUMENTS_FOR_COMPILER_DRIVER\=YES
    export LD_RUNPATH_SEARCH_PATHS\=/Users/sj/Library/Developer/Xcode/DerivedData/SaneVideo-earhevoqwfzlcscgrlqxftjqjxps/Build/Products/Debug/PackageFrameworks\ /Users/sj/Library/Developer/Xcode/DerivedData/SaneVideo-earhevoqwfzlcscgrlqxftjqjxps/Build/Products/Debug/PackageFrameworks\ /Users/sj/Library/Developer/Xcode/DerivedData/SaneVideo-earhevoqwfzlcscgrlqxftjqjxps/Build/Products/Debug/PackageFrameworks\ /Users/sj/Library/Developer/Xcode/DerivedData/SaneVideo-earhevoqwfzlcscgrlqxftjqjxps/Build/Products/Debug/PackageFrameworks\ /Users/sj/Library/Developer/Xcode/DerivedData/SaneVideo-earhevoqwfzlcscgrlqxftjqjxps/Build/Products/Debug/PackageFrameworks\ /Users/sj/Library/Developer/Xcode/DerivedData/SaneVideo-earhevoqwfzlcscgrlqxftjqjxps/Build/Products/Debug/PackageFrameworks\ /Users/sj/Library/Developer/Xcode/DerivedData/SaneVideo-earhevoqwfzlcscgrlqxftjqjxps/Build/Products/Debug/PackageFrameworks\ \ @executable_path/../Frameworks
    export LD_RUNPATH_SEARCH_PATHS_YES\=@loader_path/../Frameworks
    export LD_SHARED_CACHE_ELIGIBLE\=Automatic
    export LD_WARN_DUPLICATE_LIBRARIES\=NO
    export LD_WARN_UNUSED_DYLIBS\=NO
    export LEGACY_DEVELOPER_DIR\=/Applications/Xcode.app/Contents/PlugIns/Xcode3Core.ideplugin/Contents/SharedSupport/Developer
    export LEX\=lex
    export LIBRARY_DEXT_INSTALL_PATH\=/Library/DriverExtensions
    export LIBRARY_FLAG_NOSPACE\=YES
    export LIBRARY_FLAG_PREFIX\=-l
    export LIBRARY_KEXT_INSTALL_PATH\=/Library/Extensions
    export LIBRARY_SEARCH_PATHS\=/Users/sj/Library/Developer/Xcode/DerivedData/SaneVideo-earhevoqwfzlcscgrlqxftjqjxps/Build/Products/Debug\ 
    export LINKER_DISPLAYS_MANGLED_NAMES\=NO
    export LINK_FILE_LIST_normal_arm64\=/Users/sj/Library/Developer/Xcode/DerivedData/SaneVideo-earhevoqwfzlcscgrlqxftjqjxps/Build/Intermediates.noindex/SaneVideo.build/Debug/SaneVideo.build/Objects-normal/arm64/SaneVideo.LinkFileList
    export LINK_OBJC_RUNTIME\=YES
    export LINK_WITH_STANDARD_LIBRARIES\=YES
    export LLVM_TARGET_TRIPLE_OS_VERSION\=macos26.2
    export LLVM_TARGET_TRIPLE_OS_VERSION_NO\=macos26.2
    export LLVM_TARGET_TRIPLE_OS_VERSION_YES\=macos26.2
    export LLVM_TARGET_TRIPLE_VENDOR\=apple
    export LM_AUX_CONST_METADATA_LIST_PATH_normal_arm64\=/Users/sj/Library/Developer/Xcode/DerivedData/SaneVideo-earhevoqwfzlcscgrlqxftjqjxps/Build/Intermediates.noindex/SaneVideo.build/Debug/SaneVideo.build/Objects-normal/arm64/SaneVideo.SwiftConstValuesFileList
    export LOCALIZATION_EXPORT_SUPPORTED\=YES
    export LOCALIZATION_PREFERS_STRING_CATALOGS\=NO
    export LOCALIZED_RESOURCES_FOLDER_PATH\=SaneVideo.app/Contents/Resources/en.lproj
    export LOCALIZED_STRING_MACRO_NAMES\=NSLocalizedString\ CFCopyLocalizedString
    export LOCALIZED_STRING_SWIFTUI_SUPPORT\=YES
    export LOCAL_ADMIN_APPS_DIR\=/Applications/Utilities
    export LOCAL_APPS_DIR\=/Applications
    export LOCAL_DEVELOPER_DIR\=/Library/Developer
    export LOCAL_LIBRARY_DIR\=/Library
    export LOCROOT\=/Users/sj/SaneVideo
    export LOCSYMROOT\=/Users/sj/SaneVideo
    export MACH_O_TYPE\=mh_execute
    export MACOSX_DEPLOYMENT_TARGET\=26.2
    export MAC_OS_X_PRODUCT_BUILD_VERSION\=25C56
    export MAC_OS_X_VERSION_ACTUAL\=260200
    export MAC_OS_X_VERSION_MAJOR\=260000
    export MAC_OS_X_VERSION_MINOR\=260200
    export MAKE_MERGEABLE\=NO
    export MERGEABLE_LIBRARY\=NO
    export MERGED_BINARY_TYPE\=none
    export MERGE_LINKED_LIBRARIES\=NO
    export METAL_LIBRARY_FILE_BASE\=default
    export METAL_LIBRARY_OUTPUT_DIR\=/Users/sj/Library/Developer/Xcode/DerivedData/SaneVideo-earhevoqwfzlcscgrlqxftjqjxps/Build/Products/Debug/SaneVideo.app/Contents/Resources
    export MODULES_FOLDER_PATH\=SaneVideo.app/Contents/Modules
    export MODULE_CACHE_DIR\=/Users/sj/Library/Developer/Xcode/DerivedData/ModuleCache.noindex
    export MTL_ENABLE_APPLE_SILICON_ONLY_OPTIMIZATIONS\=YES
    export MTL_ENABLE_DEBUG_INFO\=INCLUDE_SOURCE
    export MTL_FAST_MATH\=YES
    export NATIVE_ARCH\=arm64
    export NATIVE_ARCH_32_BIT\=arm
    export NATIVE_ARCH_64_BIT\=arm64
    export NATIVE_ARCH_ACTUAL\=arm64
    export NO_COMMON\=YES
    export OBJECT_FILE_DIR\=/Users/sj/Library/Developer/Xcode/DerivedData/SaneVideo-earhevoqwfzlcscgrlqxftjqjxps/Build/Intermediates.noindex/SaneVideo.build/Debug/SaneVideo.build/Objects
    export OBJECT_FILE_DIR_normal\=/Users/sj/Library/Developer/Xcode/DerivedData/SaneVideo-earhevoqwfzlcscgrlqxftjqjxps/Build/Intermediates.noindex/SaneVideo.build/Debug/SaneVideo.build/Objects-normal
    export OBJROOT\=/Users/sj/Library/Developer/Xcode/DerivedData/SaneVideo-earhevoqwfzlcscgrlqxftjqjxps/Build/Intermediates.noindex
    export ONLY_ACTIVE_ARCH\=YES
    export OS\=MACOS
    export OSAC\=/usr/bin/osacompile
    export OTHER_CFLAGS\=-fmodule-map-file\=/Users/sj/Library/Developer/Xcode/DerivedData/SaneVideo-earhevoqwfzlcscgrlqxftjqjxps/Build/Intermediates.noindex/GeneratedModuleMaps/GrokClient.modulemap\ -fmodule-map-file\=/Users/sj/Library/Developer/Xcode/DerivedData/SaneVideo-earhevoqwfzlcscgrlqxftjqjxps/Build/Intermediates.noindex/GeneratedModuleMaps/Jinja.modulemap\ -fmodule-map-file\=/Users/sj/Library/Developer/Xcode/DerivedData/SaneVideo-earhevoqwfzlcscgrlqxftjqjxps/Build/Intermediates.noindex/GeneratedModuleMaps/InternalCollectionsUtilities.modulemap\ -fmodule-map-file\=/Users/sj/Library/Developer/Xcode/DerivedData/SaneVideo-earhevoqwfzlcscgrlqxftjqjxps/Build/Intermediates.noindex/GeneratedModuleMaps/OrderedCollections.modulemap\ -fmodule-map-file\=/Users/sj/Library/Developer/Xcode/DerivedData/SaneVideo-earhevoqwfzlcscgrlqxftjqjxps/Build/Intermediates.noindex/GeneratedModuleMaps/Hub.modulemap\ -fmodule-map-file\=/Users/sj/Library/Developer/Xcode/DerivedData/SaneVideo-earhevoqwfzlcscgrlqxftjqjxps/Build/Intermediates.noindex/GeneratedModuleMaps/Tokenizers.modulemap\ -fmodule-map-file\=/Users/sj/Library/Developer/Xcode/DerivedData/SaneVideo-earhevoqwfzlcscgrlqxftjqjxps/Build/Intermediates.noindex/GeneratedModuleMaps/WhisperKit.modulemap\ 
    export OTHER_CPLUSPLUSFLAGS\=-fmodule-map-file\=/Users/sj/Library/Developer/Xcode/DerivedData/SaneVideo-earhevoqwfzlcscgrlqxftjqjxps/Build/Intermediates.noindex/GeneratedModuleMaps/GrokClient.modulemap\ -fmodule-map-file\=/Users/sj/Library/Developer/Xcode/DerivedData/SaneVideo-earhevoqwfzlcscgrlqxftjqjxps/Build/Intermediates.noindex/GeneratedModuleMaps/Jinja.modulemap\ -fmodule-map-file\=/Users/sj/Library/Developer/Xcode/DerivedData/SaneVideo-earhevoqwfzlcscgrlqxftjqjxps/Build/Intermediates.noindex/GeneratedModuleMaps/InternalCollectionsUtilities.modulemap\ -fmodule-map-file\=/Users/sj/Library/Developer/Xcode/DerivedData/SaneVideo-earhevoqwfzlcscgrlqxftjqjxps/Build/Intermediates.noindex/GeneratedModuleMaps/OrderedCollections.modulemap\ -fmodule-map-file\=/Users/sj/Library/Developer/Xcode/DerivedData/SaneVideo-earhevoqwfzlcscgrlqxftjqjxps/Build/Intermediates.noindex/GeneratedModuleMaps/Hub.modulemap\ -fmodule-map-file\=/Users/sj/Library/Developer/Xcode/DerivedData/SaneVideo-earhevoqwfzlcscgrlqxftjqjxps/Build/Intermediates.noindex/GeneratedModuleMaps/Tokenizers.modulemap\ -fmodule-map-file\=/Users/sj/Library/Developer/Xcode/DerivedData/SaneVideo-earhevoqwfzlcscgrlqxftjqjxps/Build/Intermediates.noindex/GeneratedModuleMaps/WhisperKit.modulemap\ 
    export OTHER_LDFLAGS\=-Wl,-no_warn_duplicate_libraries\ -Wl,-no_warn_duplicate_libraries\ -Wl,-no_warn_duplicate_libraries\ -Wl,-no_warn_duplicate_libraries\ -Wl,-no_warn_duplicate_libraries\ -Wl,-no_warn_duplicate_libraries\ -Wl,-no_warn_duplicate_libraries\ 
    export PACKAGE_TYPE\=com.apple.package-type.wrapper.application
    export PASCAL_STRINGS\=YES
    export PATH\=/Applications/Xcode.app/Contents/SharedFrameworks/SwiftBuild.framework/Versions/A/PlugIns/SWBBuildService.bundle/Contents/PlugIns/SWBUniversalPlatformPlugin.bundle/Contents/Frameworks/SWBUniversalPlatform.framework/Resources:/var/run/com.apple.security.cryptexd/mnt/com.apple.MobileAsset.MetalToolchain-v17.3.48.0.2taJne/Metal.xctoolchain/usr/bin:/var/run/com.apple.security.cryptexd/mnt/com.apple.MobileAsset.MetalToolchain-v17.3.48.0.2taJne/Metal.xctoolchain/usr/local/bin:/var/run/com.apple.security.cryptexd/mnt/com.apple.MobileAsset.MetalToolchain-v17.3.48.0.2taJne/Metal.xctoolchain/usr/libexec:/Applications/Xcode.app/Contents/Developer/Toolchains/XcodeDefault.xctoolchain/usr/bin:/Applications/Xcode.app/Contents/Developer/Toolchains/XcodeDefault.xctoolchain/usr/local/bin:/Applications/Xcode.app/Contents/Developer/Toolchains/XcodeDefault.xctoolchain/usr/libexec:/Applications/Xcode.app/Contents/Developer/Platforms/MacOSX.platform/usr/bin:/Applications/Xcode.app/Contents/Developer/Platforms/MacOSX.platform/usr/local/bin:/Applications/Xcode.app/Contents/Developer/Platforms/MacOSX.platform/Developer/usr/bin:/Applications/Xcode.app/Contents/Developer/Platforms/MacOSX.platform/Developer/usr/local/bin:/Applications/Xcode.app/Contents/Developer/usr/bin:/Applications/Xcode.app/Contents/Developer/usr/local/bin:/Users/sj/.local/bin:/Users/sj/.antigravity/antigravity/bin:/Users/sj/.antigravity/extensions/vadimcn.vscode-lldb-1.12.0/bin:/opt/homebrew/bin:/opt/homebrew/sbin:/Library/Frameworks/Python.framework/Versions/3.13/bin:/usr/local/bin:/System/Cryptexes/App/usr/bin:/usr/bin:/bin:/usr/sbin:/sbin:/var/run/com.apple.security.cryptexd/codex.system/bootstrap/usr/local/bin:/var/run/com.apple.security.cryptexd/codex.system/bootstrap/usr/bin:/var/run/com.apple.security.cryptexd/codex.system/bootstrap/usr/appleinternal/bin:/opt/pmk/env/global/bin:/Library/Apple/usr/bin:/opt/podman/bin:/Users/sj/.antigravity/extensions/ms-python.debugpy-2025.14.1-darwin-arm64/bundled/scripts/noConfigScripts
    export PATH_PREFIXES_EXCLUDED_FROM_HEADER_DEPENDENCIES\=/usr/include\ /usr/local/include\ /System/Library/Frameworks\ /System/Library/PrivateFrameworks\ /Applications/Xcode.app/Contents/Developer/Headers\ /Applications/Xcode.app/Contents/Developer/SDKs\ /Applications/Xcode.app/Contents/Developer/Platforms
    export PBDEVELOPMENTPLIST_PATH\=SaneVideo.app/Contents/pbdevelopment.plist
    export PER_ARCH_MODULE_FILE_DIR\=/Users/sj/Library/Developer/Xcode/DerivedData/SaneVideo-earhevoqwfzlcscgrlqxftjqjxps/Build/Intermediates.noindex/SaneVideo.build/Debug/SaneVideo.build/Objects-normal/undefined_arch
    export PER_ARCH_OBJECT_FILE_DIR\=/Users/sj/Library/Developer/Xcode/DerivedData/SaneVideo-earhevoqwfzlcscgrlqxftjqjxps/Build/Intermediates.noindex/SaneVideo.build/Debug/SaneVideo.build/Objects-normal/undefined_arch
    export PER_VARIANT_OBJECT_FILE_DIR\=/Users/sj/Library/Developer/Xcode/DerivedData/SaneVideo-earhevoqwfzlcscgrlqxftjqjxps/Build/Intermediates.noindex/SaneVideo.build/Debug/SaneVideo.build/Objects-normal
    export PKGINFO_FILE_PATH\=/Users/sj/Library/Developer/Xcode/DerivedData/SaneVideo-earhevoqwfzlcscgrlqxftjqjxps/Build/Intermediates.noindex/SaneVideo.build/Debug/SaneVideo.build/PkgInfo
    export PKGINFO_PATH\=SaneVideo.app/Contents/PkgInfo
    export PLATFORM_DEVELOPER_APPLICATIONS_DIR\=/Applications/Xcode.app/Contents/Developer/Applications
    export PLATFORM_DEVELOPER_BIN_DIR\=/Applications/Xcode.app/Contents/Developer/usr/bin
    export PLATFORM_DEVELOPER_LIBRARY_DIR\=/Applications/Xcode.app/Contents/Developer/Library
    export PLATFORM_DEVELOPER_SDK_DIR\=/Applications/Xcode.app/Contents/Developer/Platforms/MacOSX.platform/Developer/SDKs
    export PLATFORM_DEVELOPER_TOOLS_DIR\=/Applications/Xcode.app/Contents/Developer/Tools
    export PLATFORM_DEVELOPER_USR_DIR\=/Applications/Xcode.app/Contents/Developer/usr
    export PLATFORM_DIR\=/Applications/Xcode.app/Contents/Developer/Platforms/MacOSX.platform
    export PLATFORM_DISPLAY_NAME\=macOS
    export PLATFORM_FAMILY_NAME\=macOS
    export PLATFORM_NAME\=macosx
    export PLATFORM_PREFERRED_ARCH\=x86_64
    export PLATFORM_PRODUCT_BUILD_VERSION\=25C57
    export PLATFORM_REQUIRES_SWIFT_AUTOLINK_EXTRACT\=NO
    export PLATFORM_REQUIRES_SWIFT_MODULEWRAP\=NO
    export PLIST_FILE_OUTPUT_FORMAT\=same-as-input
    export PLUGINS_FOLDER_PATH\=SaneVideo.app/Contents/PlugIns
    export PRECOMPS_INCLUDE_HEADERS_FROM_BUILT_PRODUCTS_DIR\=YES
    export PRECOMP_DESTINATION_DIR\=/Users/sj/Library/Developer/Xcode/DerivedData/SaneVideo-earhevoqwfzlcscgrlqxftjqjxps/Build/Intermediates.noindex/SaneVideo.build/Debug/SaneVideo.build/PrefixHeaders
    export PRIVATE_HEADERS_FOLDER_PATH\=SaneVideo.app/Contents/PrivateHeaders
    export PROCESSED_INFOPLIST_PATH\=/Users/sj/Library/Developer/Xcode/DerivedData/SaneVideo-earhevoqwfzlcscgrlqxftjqjxps/Build/Intermediates.noindex/SaneVideo.build/Debug/SaneVideo.build/Objects-normal/undefined_arch/Processed-Info.plist
    export PRODUCT_BUNDLE_IDENTIFIER\=com.sanevideo.SaneVideo
    export PRODUCT_BUNDLE_PACKAGE_TYPE\=APPL
    export PRODUCT_MODULE_NAME\=SaneVideo
    export PRODUCT_NAME\=SaneVideo
    export PRODUCT_SETTINGS_PATH\=/Users/sj/SaneVideo/SaneVideo/Info.plist
    export PRODUCT_TYPE\=com.apple.product-type.application
    export PROFILING_CODE\=NO
    export PROJECT\=SaneVideo
    export PROJECT_DERIVED_FILE_DIR\=/Users/sj/Library/Developer/Xcode/DerivedData/SaneVideo-earhevoqwfzlcscgrlqxftjqjxps/Build/Intermediates.noindex/SaneVideo.build/DerivedSources
    export PROJECT_DIR\=/Users/sj/SaneVideo
    export PROJECT_FILE_PATH\=/Users/sj/SaneVideo/SaneVideo.xcodeproj
    export PROJECT_GUID\=927976ca9b76fb660b0184eb6a75a1e0
    export PROJECT_NAME\=SaneVideo
    export PROJECT_TEMP_DIR\=/Users/sj/Library/Developer/Xcode/DerivedData/SaneVideo-earhevoqwfzlcscgrlqxftjqjxps/Build/Intermediates.noindex/SaneVideo.build
    export PROJECT_TEMP_ROOT\=/Users/sj/Library/Developer/Xcode/DerivedData/SaneVideo-earhevoqwfzlcscgrlqxftjqjxps/Build/Intermediates.noindex
    export PROVISIONING_PROFILE_REQUIRED\=NO
    export PROVISIONING_PROFILE_REQUIRED_YES_YES\=YES
    export PROVISIONING_PROFILE_SUPPORTED\=YES
    export PUBLIC_HEADERS_FOLDER_PATH\=SaneVideo.app/Contents/Headers
    export RECOMMENDED_MACOSX_DEPLOYMENT_TARGET\=11.0
    export RECURSIVE_SEARCH_PATHS_FOLLOW_SYMLINKS\=YES
    export REMOVE_CVS_FROM_RESOURCES\=YES
    export REMOVE_GIT_FROM_RESOURCES\=YES
    export REMOVE_HEADERS_FROM_EMBEDDED_BUNDLES\=YES
    export REMOVE_HG_FROM_RESOURCES\=YES
    export REMOVE_STATIC_EXECUTABLES_FROM_EMBEDDED_BUNDLES\=YES
    export REMOVE_SVN_FROM_RESOURCES\=YES
    export RESCHEDULE_INDEPENDENT_HEADERS_PHASES\=YES
    export REZ_COLLECTOR_DIR\=/Users/sj/Library/Developer/Xcode/DerivedData/SaneVideo-earhevoqwfzlcscgrlqxftjqjxps/Build/Intermediates.noindex/SaneVideo.build/Debug/SaneVideo.build/ResourceManagerResources
    export REZ_OBJECTS_DIR\=/Users/sj/Library/Developer/Xcode/DerivedData/SaneVideo-earhevoqwfzlcscgrlqxftjqjxps/Build/Intermediates.noindex/SaneVideo.build/Debug/SaneVideo.build/ResourceManagerResources/Objects
    export REZ_SEARCH_PATHS\=/Users/sj/Library/Developer/Xcode/DerivedData/SaneVideo-earhevoqwfzlcscgrlqxftjqjxps/Build/Products/Debug\ 
    export RUNTIME_EXCEPTION_ALLOW_DYLD_ENVIRONMENT_VARIABLES\=NO
    export RUNTIME_EXCEPTION_ALLOW_JIT\=NO
    export RUNTIME_EXCEPTION_ALLOW_UNSIGNED_EXECUTABLE_MEMORY\=NO
    export RUNTIME_EXCEPTION_DEBUGGING_TOOL\=NO
    export RUNTIME_EXCEPTION_DISABLE_EXECUTABLE_PAGE_PROTECTION\=NO
    export RUNTIME_EXCEPTION_DISABLE_LIBRARY_VALIDATION\=NO
    export SCAN_ALL_SOURCE_FILES_FOR_INCLUDES\=NO
    export SCRIPTS_FOLDER_PATH\=SaneVideo.app/Contents/Resources/Scripts
    export SCRIPT_INPUT_FILE_COUNT\=0
    export SCRIPT_INPUT_FILE_LIST_COUNT\=0
    export SCRIPT_OUTPUT_FILE_COUNT\=0
    export SCRIPT_OUTPUT_FILE_LIST_COUNT\=0
    export SDKROOT\=/Applications/Xcode.app/Contents/Developer/Platforms/MacOSX.platform/Developer/SDKs/MacOSX26.2.sdk
    export SDK_DIR\=/Applications/Xcode.app/Contents/Developer/Platforms/MacOSX.platform/Developer/SDKs/MacOSX26.2.sdk
    export SDK_DIR_macosx\=/Applications/Xcode.app/Contents/Developer/Platforms/MacOSX.platform/Developer/SDKs/MacOSX26.2.sdk
    export SDK_DIR_macosx26_2\=/Applications/Xcode.app/Contents/Developer/Platforms/MacOSX.platform/Developer/SDKs/MacOSX26.2.sdk
    export SDK_NAME\=macosx26.2
    export SDK_NAMES\=macosx26.2
    export SDK_PRODUCT_BUILD_VERSION\=25C57
    export SDK_STAT_CACHE_DIR\=/Users/sj/Library/Developer/Xcode/DerivedData
    export SDK_STAT_CACHE_ENABLE\=YES
    export SDK_STAT_CACHE_PATH\=/Users/sj/Library/Developer/Xcode/DerivedData/SDKStatCaches.noindex/macosx26.2-25C57-3885c01c3e6b6a337905948deab2002e00fa09913b459cbbc988d1f6730289ae.sdkstatcache
    export SDK_VERSION\=26.2
    export SDK_VERSION_ACTUAL\=260200
    export SDK_VERSION_MAJOR\=260000
    export SDK_VERSION_MINOR\=260200
    export SED\=/usr/bin/sed
    export SEPARATE_STRIP\=NO
    export SEPARATE_SYMBOL_EDIT\=NO
    export SET_DIR_MODE_OWNER_GROUP\=YES
    export SET_FILE_MODE_OWNER_GROUP\=NO
    export SHALLOW_BUNDLE\=NO
    export SHALLOW_BUNDLE_PLATFORM\=NO
    export SHALLOW_BUNDLE_TRIPLE\=macos
    export SHALLOW_BUNDLE_ios_macabi\=NO
    export SHALLOW_BUNDLE_macos\=NO
    export SHARED_DERIVED_FILE_DIR\=/Users/sj/Library/Developer/Xcode/DerivedData/SaneVideo-earhevoqwfzlcscgrlqxftjqjxps/Build/Products/Debug/DerivedSources
    export SHARED_FRAMEWORKS_FOLDER_PATH\=SaneVideo.app/Contents/SharedFrameworks
    export SHARED_PRECOMPS_DIR\=/Users/sj/Library/Developer/Xcode/DerivedData/SaneVideo-earhevoqwfzlcscgrlqxftjqjxps/Build/Intermediates.noindex/PrecompiledHeaders
    export SHARED_SUPPORT_FOLDER_PATH\=SaneVideo.app/Contents/SharedSupport
    export SKIP_INSTALL\=NO
    export SOURCE_ROOT\=/Users/sj/SaneVideo
    export SRCROOT\=/Users/sj/SaneVideo
    export STRINGSDATA_DIR\=/Users/sj/Library/Developer/Xcode/DerivedData/SaneVideo-earhevoqwfzlcscgrlqxftjqjxps/Build/Intermediates.noindex/SaneVideo.build/Debug/SaneVideo.build/Objects-normal/undefined_arch
    export STRINGSDATA_ROOT\=/Users/sj/Library/Developer/Xcode/DerivedData/SaneVideo-earhevoqwfzlcscgrlqxftjqjxps/Build/Intermediates.noindex/SaneVideo.build/Debug/SaneVideo.build
    export STRINGS_FILE_INFOPLIST_RENAME\=YES
    export STRINGS_FILE_OUTPUT_ENCODING\=UTF-16
    export STRING_CATALOG_GENERATE_SYMBOLS\=NO
    export STRIP_BITCODE_FROM_COPIED_FILES\=NO
    export STRIP_INSTALLED_PRODUCT\=NO
    export STRIP_PNG_TEXT\=NO
    export STRIP_STYLE\=all
    export STRIP_SWIFT_SYMBOLS\=YES
    export SUPPORTED_PLATFORMS\=macosx
    export SUPPORTS_MACCATALYST\=NO
    export SUPPORTS_ON_DEMAND_RESOURCES\=NO
    export SUPPORTS_TEXT_BASED_API\=NO
    export SUPPRESS_WARNINGS\=NO
    export SWIFT_ACTIVE_COMPILATION_CONDITIONS\=DEBUG
    export SWIFT_EMIT_CONST_VALUE_PROTOCOLS\=AppIntent\ EntityQuery\ AppEntity\ TransientEntity\ AppEnum\ AppShortcutProviding\ AppShortcutsProvider\ AnyResolverProviding\ AppIntentsPackage\ DynamicOptionsProvider\ _IntentValueRepresentable\ _AssistantIntentsProvider\ _GenerativeFunctionExtractable\ IntentValueQuery\ Resolver\ AppExtension\ ExtensionPointDefining
    export SWIFT_EMIT_LOC_STRINGS\=YES
    export SWIFT_ENABLE_EXPLICIT_MODULES\=YES
    export SWIFT_OPTIMIZATION_LEVEL\=-Onone
    export SWIFT_PLATFORM_TARGET_PREFIX\=macos
    export SWIFT_RESPONSE_FILE_PATH_normal_arm64\=/Users/sj/Library/Developer/Xcode/DerivedData/SaneVideo-earhevoqwfzlcscgrlqxftjqjxps/Build/Intermediates.noindex/SaneVideo.build/Debug/SaneVideo.build/Objects-normal/arm64/SaneVideo.SwiftFileList
    export SWIFT_STRICT_CONCURRENCY\=complete
    export SWIFT_VERSION\=6.2
    export SYMROOT\=/Users/sj/Library/Developer/Xcode/DerivedData/SaneVideo-earhevoqwfzlcscgrlqxftjqjxps/Build/Products
    export SYSTEM_ADMIN_APPS_DIR\=/Applications/Utilities
    export SYSTEM_APPS_DIR\=/Applications
    export SYSTEM_CORE_SERVICES_DIR\=/System/Library/CoreServices
    export SYSTEM_DEMOS_DIR\=/Applications/Extras
    export SYSTEM_DEVELOPER_APPS_DIR\=/Applications/Xcode.app/Contents/Developer/Applications
    export SYSTEM_DEVELOPER_BIN_DIR\=/Applications/Xcode.app/Contents/Developer/usr/bin
    export SYSTEM_DEVELOPER_DEMOS_DIR\=/Applications/Xcode.app/Contents/Developer/Applications/Utilities/Built\ Examples
    export SYSTEM_DEVELOPER_DIR\=/Applications/Xcode.app/Contents/Developer
    export SYSTEM_DEVELOPER_DOC_DIR\=/Applications/Xcode.app/Contents/Developer/ADC\ Reference\ Library
    export SYSTEM_DEVELOPER_GRAPHICS_TOOLS_DIR\=/Applications/Xcode.app/Contents/Developer/Applications/Graphics\ Tools
    export SYSTEM_DEVELOPER_JAVA_TOOLS_DIR\=/Applications/Xcode.app/Contents/Developer/Applications/Java\ Tools
    export SYSTEM_DEVELOPER_PERFORMANCE_TOOLS_DIR\=/Applications/Xcode.app/Contents/Developer/Applications/Performance\ Tools
    export SYSTEM_DEVELOPER_RELEASENOTES_DIR\=/Applications/Xcode.app/Contents/Developer/ADC\ Reference\ Library/releasenotes
    export SYSTEM_DEVELOPER_TOOLS\=/Applications/Xcode.app/Contents/Developer/Tools
    export SYSTEM_DEVELOPER_TOOLS_DOC_DIR\=/Applications/Xcode.app/Contents/Developer/ADC\ Reference\ Library/documentation/DeveloperTools
    export SYSTEM_DEVELOPER_TOOLS_RELEASENOTES_DIR\=/Applications/Xcode.app/Contents/Developer/ADC\ Reference\ Library/releasenotes/DeveloperTools
    export SYSTEM_DEVELOPER_USR_DIR\=/Applications/Xcode.app/Contents/Developer/usr
    export SYSTEM_DEVELOPER_UTILITIES_DIR\=/Applications/Xcode.app/Contents/Developer/Applications/Utilities
    export SYSTEM_DEXT_INSTALL_PATH\=/System/Library/DriverExtensions
    export SYSTEM_DOCUMENTATION_DIR\=/Library/Documentation
    export SYSTEM_EXTENSIONS_FOLDER_PATH\=SaneVideo.app/Contents/Library/SystemExtensions
    export SYSTEM_EXTENSIONS_FOLDER_PATH_SHALLOW_BUNDLE_NO\=SaneVideo.app/Contents/Library/SystemExtensions
    export SYSTEM_EXTENSIONS_FOLDER_PATH_SHALLOW_BUNDLE_YES\=SaneVideo.app/Contents/SystemExtensions
    export SYSTEM_KEXT_INSTALL_PATH\=/System/Library/Extensions
    export SYSTEM_LIBRARY_DIR\=/System/Library
    export TAPI_DEMANGLE\=YES
    export TAPI_ENABLE_PROJECT_HEADERS\=NO
    export TAPI_LANGUAGE\=objective-c
    export TAPI_LANGUAGE_STANDARD\=compiler-default
    export TAPI_USE_SRCROOT\=YES
    export TAPI_VERIFY_MODE\=Pedantic
    export TARGETNAME\=SaneVideo
    export TARGET_BUILD_DIR\=/Users/sj/Library/Developer/Xcode/DerivedData/SaneVideo-earhevoqwfzlcscgrlqxftjqjxps/Build/Products/Debug
    export TARGET_NAME\=SaneVideo
    export TARGET_TEMP_DIR\=/Users/sj/Library/Developer/Xcode/DerivedData/SaneVideo-earhevoqwfzlcscgrlqxftjqjxps/Build/Intermediates.noindex/SaneVideo.build/Debug/SaneVideo.build
    export TEMP_DIR\=/Users/sj/Library/Developer/Xcode/DerivedData/SaneVideo-earhevoqwfzlcscgrlqxftjqjxps/Build/Intermediates.noindex/SaneVideo.build/Debug/SaneVideo.build
    export TEMP_FILES_DIR\=/Users/sj/Library/Developer/Xcode/DerivedData/SaneVideo-earhevoqwfzlcscgrlqxftjqjxps/Build/Intermediates.noindex/SaneVideo.build/Debug/SaneVideo.build
    export TEMP_FILE_DIR\=/Users/sj/Library/Developer/Xcode/DerivedData/SaneVideo-earhevoqwfzlcscgrlqxftjqjxps/Build/Intermediates.noindex/SaneVideo.build/Debug/SaneVideo.build
    export TEMP_ROOT\=/Users/sj/Library/Developer/Xcode/DerivedData/SaneVideo-earhevoqwfzlcscgrlqxftjqjxps/Build/Intermediates.noindex
    export TEMP_SANDBOX_DIR\=/Users/sj/Library/Developer/Xcode/DerivedData/SaneVideo-earhevoqwfzlcscgrlqxftjqjxps/Build/Intermediates.noindex/TemporaryTaskSandboxes
    export TEST_FRAMEWORK_SEARCH_PATHS\=\ /Applications/Xcode.app/Contents/Developer/Platforms/MacOSX.platform/Developer/Library/Frameworks
    export TEST_LIBRARY_SEARCH_PATHS\=\ /Applications/Xcode.app/Contents/Developer/Platforms/MacOSX.platform/Developer/usr/lib
    export TOOLCHAINS\=com.apple.dt.toolchain.Metal.32023\ com.apple.dt.toolchain.XcodeDefault
    export TOOLCHAIN_DIR\=/var/run/com.apple.security.cryptexd/mnt/com.apple.MobileAsset.MetalToolchain-v17.3.48.0.2taJne/Metal.xctoolchain
    export TOOLCHAIN_VERSION\=32023
    export TREAT_MISSING_BASELINES_AS_TEST_FAILURES\=NO
    export TREAT_MISSING_SCRIPT_PHASE_OUTPUTS_AS_ERRORS\=NO
    export UID\=501
    export UNINSTALLED_PRODUCTS_DIR\=/Users/sj/Library/Developer/Xcode/DerivedData/SaneVideo-earhevoqwfzlcscgrlqxftjqjxps/Build/Intermediates.noindex/UninstalledProducts
    export UNLOCALIZED_RESOURCES_FOLDER_PATH\=SaneVideo.app/Contents/Resources
    export UNLOCALIZED_RESOURCES_FOLDER_PATH_SHALLOW_BUNDLE_NO\=SaneVideo.app/Contents/Resources
    export UNLOCALIZED_RESOURCES_FOLDER_PATH_SHALLOW_BUNDLE_YES\=SaneVideo.app/Contents
    export UNSTRIPPED_PRODUCT\=NO
    export USER\=sj
    export USER_APPS_DIR\=/Users/sj/Applications
    export USER_LIBRARY_DIR\=/Users/sj/Library
    export USE_DYNAMIC_NO_PIC\=YES
    export USE_HEADERMAP\=YES
    export USE_HEADER_SYMLINKS\=NO
    export VALIDATE_DEVELOPMENT_ASSET_PATHS\=YES_ERROR
    export VALIDATE_PRODUCT\=NO
    export VALID_ARCHS\=arm64
    export VERBOSE_PBXCP\=NO
    export VERSIONPLIST_PATH\=SaneVideo.app/Contents/version.plist
    export VERSION_INFO_BUILDER\=sj
    export VERSION_INFO_FILE\=SaneVideo_vers.c
    export VERSION_INFO_STRING\=\"@\(\#\)PROGRAM:SaneVideo\ \ PROJECT:SaneVideo-\"
    export WORKSPACE_DIR\=/Users/sj/SaneVideo/SaneVideo.xcodeproj
    export WRAPPER_EXTENSION\=app
    export WRAPPER_NAME\=SaneVideo.app
    export WRAPPER_SUFFIX\=.app
    export WRAP_ASSET_PACKS_IN_SEPARATE_DIRECTORIES\=NO
    export XCODE_APP_SUPPORT_DIR\=/Applications/Xcode.app/Contents/Developer/Library/Xcode
    export XCODE_PRODUCT_BUILD_VERSION\=17C52
    export XCODE_VERSION_ACTUAL\=2620
    export XCODE_VERSION_MAJOR\=2600
    export XCODE_VERSION_MINOR\=2620
    export XPCSERVICES_FOLDER_PATH\=SaneVideo.app/Contents/XPCServices
    export YACC\=yacc
    export _BOOL_\=NO
    export _BOOL_NO\=NO
    export _BOOL_YES\=YES
    export _DEVELOPMENT_TEAM_IS_EMPTY\=YES
    export _DISCOVER_COMMAND_LINE_LINKER_INPUTS\=YES
    export _DISCOVER_COMMAND_LINE_LINKER_INPUTS_INCLUDE_WL\=YES
    export _IS_EMPTY_\=YES
    export _LD_MULTIARCH\=YES
    export _MACOSX_DEPLOYMENT_TARGET_IS_EMPTY\=NO
    export _WRAPPER_CONTENTS_DIR\=/Contents
    export _WRAPPER_CONTENTS_DIR_SHALLOW_BUNDLE_NO\=/Contents
    export _WRAPPER_PARENT_PATH\=/..
    export _WRAPPER_PARENT_PATH_SHALLOW_BUNDLE_NO\=/..
    export _WRAPPER_RESOURCES_DIR\=/Resources
    export _WRAPPER_RESOURCES_DIR_SHALLOW_BUNDLE_NO\=/Resources
    export __DIAGNOSE_DEPRECATED_ARCHS\=YES
    export __IS_NOT_MACOS\=NO
    export __IS_NOT_MACOS_macosx\=NO
    export __IS_NOT_SIMULATOR\=YES
    export __IS_NOT_SIMULATOR_simulator\=NO
    export arch\=undefined_arch
    export variant\=normal
    /bin/sh -c /Users/sj/Library/Developer/Xcode/DerivedData/SaneVideo-earhevoqwfzlcscgrlqxftjqjxps/Build/Intermediates.noindex/SaneVideo.build/Debug/SaneVideo.build/Script-296A32EFF77C2AA766EE9E6E.sh
Linting Swift files at paths /Users/sj/SaneVideo/SaneVideo
Linting 'SaneVideoApp.swift' (1/248)
Linting 'ControlsKit.swift' (2/248)
Linting 'ServiceContainer.swift' (3/248)
Linting 'AppError.swift' (5/248)
Linting 'PricingConfiguration.swift' (4/248)
Linting 'DesignSystem.swift' (7/248)
Linting 'KeyboardShortcutHelper.swift' (6/248)
Linting 'Track.swift' (8/248)
Linting 'RecordingModels.swift' (9/248)
Linting 'CaptionModels.swift' (10/248)
/Users/sj/SaneVideo/SaneVideo/SaneVideoApp.swift:26:37: warning: Unused Closure Parameter Violation: Unused parameter in a closure should be replaced with _ (unused_closure_parameter)
Linting 'VideoTransition.swift' (11/248)
Linting 'ProjectTemplate.swift' (12/248)
Linting 'Timeline.swift' (13/248)
Linting 'VideoClipTypes.swift' (14/248)
/Users/sj/SaneVideo/SaneVideo/Core/Configuration/PricingConfiguration.swift:13:19: warning: Redundant String Enum Value Violation: String enum values can be omitted when they are equal to the enumcase name (redundant_string_enum_value)
/Users/sj/SaneVideo/SaneVideo/Core/Configuration/PricingConfiguration.swift:14:20: warning: Redundant String Enum Value Violation: String enum values can be omitted when they are equal to the enumcase name (redundant_string_enum_value)
/Users/sj/SaneVideo/SaneVideo/Core/Configuration/PricingConfiguration.swift:15:20: warning: Redundant String Enum Value Violation: String enum values can be omitted when they are equal to the enumcase name (redundant_string_enum_value)
/Users/sj/SaneVideo/SaneVideo/Core/Configuration/PricingConfiguration.swift:147:1: warning: Trailing Newline Violation: Files should have a single trailing newline (trailing_newline)
Linting 'ClickSample.swift' (15/248)
Linting 'VideoClip+TimeMapping.swift' (16/248)
Linting 'VideoEffectGenerators.swift' (17/248)
Linting 'Keyframe.swift' (18/248)
Linting 'VideoProject+CaptionStyle.swift' (19/248)
/Users/sj/SaneVideo/SaneVideo/Core/Models/ClickSample.swift:25:1: warning: Trailing Newline Violation: Files should have a single trailing newline (trailing_newline)
Linting 'MagicFixOptions.swift' (20/248)
Linting 'VideoClip.swift' (21/248)
Linting 'ExportUIModels.swift' (22/248)
Linting 'VideoEffect.swift' (23/248)
/Users/sj/SaneVideo/SaneVideo/Core/Models/VideoClip.swift:71:1: warning: Vertical Whitespace Violation: Limit vertical whitespace to a single empty line; currently 2 (vertical_whitespace)
Linting 'CursorSample.swift' (24/248)
Linting 'VideoProject.swift' (25/248)
Linting 'CaptionStyle.swift' (26/248)
Linting 'ToolbarButtonStyle.swift' (27/248)
Linting 'CMTime+Extensions.swift' (28/248)
Linting 'View+Modernization.swift' (29/248)
Linting 'StressTestRunner.swift' (30/248)
Linting 'LogExportService.swift' (31/248)
Linting 'SoundManager.swift' (32/248)
Linting 'FeatureDiscovery.swift' (33/248)
Linting 'MemoryManager.swift' (34/248)
Linting 'ProgressTracker.swift' (35/248)
Linting 'Performance.swift' (36/248)
Linting 'TimeoutHelpers.swift' (37/248)
Linting 'Secrets.swift' (38/248)
Linting 'UncheckedBox.swift' (39/248)
/Users/sj/SaneVideo/SaneVideo/Core/Utilities/TimeoutHelpers.swift:110:1: warning: Trailing Newline Violation: Files should have a single trailing newline (trailing_newline)
Linting 'TestEnvironment.swift' (40/248)
Linting 'TimecodeFormatter.swift' (41/248)
Linting 'ErrorPresenter.swift' (42/248)
Linting 'UnsafeSendable.swift' (43/248)
Linting 'ErrorRecovery.swift' (44/248)
Linting 'CrashReporter.swift' (45/248)
Linting 'HapticsManager.swift' (46/248)
/Users/sj/SaneVideo/SaneVideo/Core/Utilities/ErrorRecovery.swift:118:1: warning: Trailing Newline Violation: Files should have a single trailing newline (trailing_newline)
Linting 'DebugVerifier.swift' (47/248)
Linting 'PDFExportDocument.swift' (48/248)
Linting 'SaneVideoCompositor.swift' (49/248)
Linting 'CursorRenderer.swift' (51/248)
Linting 'SaneVideoCompositionInstruction.swift' (50/248)
/Users/sj/SaneVideo/SaneVideo/Core/Rendering/SaneVideoCompositor.swift:97:9: warning: Opening Brace Spacing Violation: Opening braces should be preceded by a single space and on the same line as the declaration (opening_brace)
/Users/sj/SaneVideo/SaneVideo/Core/Rendering/SaneVideoCompositor.swift:109:11: warning: Opening Brace Spacing Violation: Opening braces should be preceded by a single space and on the same line as the declaration (opening_brace)
/Users/sj/SaneVideo/SaneVideo/Core/Rendering/SaneVideoCompositor.swift:157:9: warning: Opening Brace Spacing Violation: Opening braces should be preceded by a single space and on the same line as the declaration (opening_brace)
/Users/sj/SaneVideo/SaneVideo/Core/Rendering/SaneVideoCompositor.swift:169:7: warning: Opening Brace Spacing Violation: Opening braces should be preceded by a single space and on the same line as the declaration (opening_brace)
/Users/sj/SaneVideo/SaneVideo/Core/Rendering/SaneVideoCompositor.swift:176:9: warning: Opening Brace Spacing Violation: Opening braces should be preceded by a single space and on the same line as the declaration (opening_brace)
/Users/sj/SaneVideo/SaneVideo/Core/Rendering/SaneVideoCompositor.swift:223:5: warning: Opening Brace Spacing Violation: Opening braces should be preceded by a single space and on the same line as the declaration (opening_brace)
/Users/sj/SaneVideo/SaneVideo/Core/Rendering/SaneVideoCompositor.swift:334:7: warning: Opening Brace Spacing Violation: Opening braces should be preceded by a single space and on the same line as the declaration (opening_brace)
/Users/sj/SaneVideo/SaneVideo/Core/Rendering/SaneVideoCompositor.swift:341:7: warning: Opening Brace Spacing Violation: Opening braces should be preceded by a single space and on the same line as the declaration (opening_brace)
/Users/sj/SaneVideo/SaneVideo/Core/Rendering/SaneVideoCompositor.swift:348:9: warning: Opening Brace Spacing Violation: Opening braces should be preceded by a single space and on the same line as the declaration (opening_brace)
/Users/sj/SaneVideo/SaneVideo/Core/Rendering/SaneVideoCompositor.swift:22:81: warning: Trailing Comma Violation: Collection literals should not have trailing commas (trailing_comma)
/Users/sj/SaneVideo/SaneVideo/Core/Rendering/SaneVideoCompositor.swift:24:56: warning: Trailing Comma Violation: Collection literals should not have trailing commas (trailing_comma)
/Users/sj/SaneVideo/SaneVideo/Core/Rendering/SaneVideoCompositor.swift:312:54: warning: Trailing Comma Violation: Collection literals should not have trailing commas (trailing_comma)
Linting 'TextLayerRenderer.swift' (52/248)
Linting 'AppConstants.swift' (53/248)
/Users/sj/SaneVideo/SaneVideo/Core/Rendering/SaneVideoCompositionInstruction.swift:47:1: warning: Opening Brace Spacing Violation: Opening braces should be preceded by a single space and on the same line as the declaration (opening_brace)
Linting 'ThermalManager.swift' (54/248)
Linting 'AppLogger.swift' (55/248)
Linting 'GlobalHotkeyManager.swift' (56/248)
Linting 'TransformCalculator.swift' (57/248)
Linting 'CompositionBuilder.swift' (58/248)
Linting 'AudioTrackBuilder.swift' (59/248)
Linting 'VideoTrackBuilder.swift' (60/248)
Linting 'TextLayerBuilder.swift' (61/248)
Linting 'ExportServiceProtocol.swift' (62/248)
Linting 'ProjectStoreProtocol.swift' (63/248)
Linting 'CameraServiceProtocol.swift' (64/248)
Linting 'AppState.swift' (65/248)
Linting 'WindowManager.swift' (66/248)
Linting 'ProjectState+VisionEffects.swift' (67/248)
Linting 'UserPreferences.swift' (68/248)
Linting 'ProjectState+AudioServices.swift' (69/248)
Linting 'CameraState.swift' (70/248)
Linting 'ProjectState+Cancellation.swift' (71/248)
Linting 'ProjectState+MagicFix.swift' (72/248)
Linting 'ProjectState+Transcription.swift' (73/248)
/Users/sj/SaneVideo/SaneVideo/State/ProjectState+Cancellation.swift:32:1: warning: Trailing Newline Violation: Files should have a single trailing newline (trailing_newline)
Linting 'ProjectState.swift' (74/248)
Linting 'ProjectState+Analysis.swift' (75/248)
Linting 'ProjectState+TrackManagement.swift' (76/248)
Linting 'ProjectState+AutoZoom.swift' (77/248)
Linting 'AppState+Actions.swift' (78/248)
Linting 'ProjectState+ClipEditing.swift' (79/248)
Linting 'ProjectState+ClipAddition.swift' (80/248)
Linting 'ProjectState+ClipProperties.swift' (81/248)
/Users/sj/SaneVideo/SaneVideo/State/ProjectState+AutoZoom.swift:106:1: warning: Trailing Newline Violation: Files should have a single trailing newline (trailing_newline)
Linting 'ProjectState+ClipRemoval.swift' (82/248)
Linting 'ProjectState+Editing.swift' (83/248)
Linting 'ProjectState+SmartVisuals.swift' (84/248)
Linting 'PlaybackState.swift' (85/248)
Linting 'RecordingState.swift' (86/248)
Linting 'PiPControlsWindow.swift' (87/248)
Linting 'PiPCameraWindow.swift' (88/248)
Linting 'FloatingControlsWindow.swift' (89/248)
Linting 'PrivacySettingsView.swift' (90/248)
Linting 'APIKeysSettingsView.swift' (91/248)
Linting 'FileImporterView.swift' (92/248)
Linting 'AccessibilityModifiers.swift' (93/248)
Linting 'PerformanceModifiers.swift' (94/248)
Linting 'StateChangePipeline.swift' (95/248)
Linting 'LoadingStateModifier.swift' (96/248)
/Users/sj/SaneVideo/SaneVideo/Views/Settings/PrivacySettingsView.swift:65:1: warning: Trailing Newline Violation: Files should have a single trailing newline (trailing_newline)
Linting 'MainContentViewModifiers.swift' (97/248)
Linting 'AnimationModifiers.swift' (98/248)
/Users/sj/SaneVideo/SaneVideo/Views/Modifiers/AccessibilityModifiers.swift:92:1: warning: Trailing Newline Violation: Files should have a single trailing newline (trailing_newline)
Linting 'GlobalSheetModifier.swift' (99/248)
/Users/sj/SaneVideo/SaneVideo/Views/Modifiers/StateChangePipeline.swift:145:1: warning: Trailing Newline Violation: Files should have a single trailing newline (trailing_newline)
Linting 'ToastOverlayModifier.swift' (100/248)
/Users/sj/SaneVideo/SaneVideo/Views/Modifiers/LoadingStateModifier.swift:120:1: warning: Trailing Newline Violation: Files should have a single trailing newline (trailing_newline)
Linting 'FileDropModifier.swift' (101/248)
Linting 'SettingsView.swift' (102/248)
Linting 'ThumbnailPickerSheet.swift' (103/248)
Linting 'TranscriptExportSheet.swift' (104/248)
Linting 'KeyboardShortcutsSheet.swift' (105/248)
/Users/sj/SaneVideo/SaneVideo/Views/Modifiers/AnimationModifiers.swift:167:1: warning: Trailing Newline Violation: Files should have a single trailing newline (trailing_newline)
Linting 'ThumbnailUIModels.swift' (106/248)
Linting 'VoiceoverSettingsSheet.swift' (107/248)
/Users/sj/SaneVideo/SaneVideo/Views/Modifiers/PerformanceModifiers.swift:121:1: warning: Trailing Newline Violation: Files should have a single trailing newline (trailing_newline)
/Users/sj/SaneVideo/SaneVideo/Views/Modifiers/PerformanceModifiers.swift:28:36: warning: Unused Closure Parameter Violation: Unused parameter in a closure should be replaced with _ (unused_closure_parameter)
/Users/sj/SaneVideo/SaneVideo/Views/Modifiers/PerformanceModifiers.swift:83:36: warning: Unused Closure Parameter Violation: Unused parameter in a closure should be replaced with _ (unused_closure_parameter)
/Users/sj/SaneVideo/SaneVideo/Windows/PiPControlsWindow.swift:76:63: warning: Trailing Comma Violation: Collection literals should not have trailing commas (trailing_comma)
Linting 'GIFExportSheet.swift' (108/248)
Linting 'SidebarView.swift' (109/248)
Linting 'RecordingModeView.swift' (110/248)
/Users/sj/SaneVideo/SaneVideo/Views/Modifiers/MainContentViewModifiers.swift:38:1: warning: Trailing Newline Violation: Files should have a single trailing newline (trailing_newline)
Linting 'TimelineTracksView.swift' (111/248)
Linting 'ProjectBrowserView.swift' (112/248)
Linting 'TimelineControls.swift' (113/248)
Linting 'LiquidGlassStyle.swift' (114/248)
Linting 'TooltipModifier.swift' (115/248)
Linting 'EditorLayoutView.swift' (116/248)
Linting 'WaveformView.swift' (117/248)
Linting 'PiPControlsView.swift' (118/248)
Linting 'SmartToolsSection.swift' (119/248)
Linting 'CaptionStylePreview.swift' (120/248)
Linting 'PlayerControlBar.swift' (121/248)
Linting 'CursorEnhancementsView.swift' (122/248)
Linting 'CameraPreviewView.swift' (123/248)
Linting 'AdvancedVideoPlayer.swift' (124/248)
Linting 'BackgroundEffectsView.swift' (125/248)
Linting 'LibraryClipRow.swift' (126/248)
Linting 'EnhancedMagicOverlayView.swift' (127/248)
Linting 'RecordingControlsView.swift' (128/248)
Linting 'PrivacyBadge.swift' (129/248)
Linting 'PricingBadge.swift' (130/248)
/Users/sj/SaneVideo/SaneVideo/Views/Components/BackgroundEffectsView.swift:202:22: warning: Trailing Comma Violation: Collection literals should not have trailing commas (trailing_comma)
/Users/sj/SaneVideo/SaneVideo/Views/Components/BackgroundEffectsView.swift:233:84: warning: Trailing Comma Violation: Collection literals should not have trailing commas (trailing_comma)
/Users/sj/SaneVideo/SaneVideo/Views/Components/BackgroundEffectsView.swift:307:45: warning: Unused Closure Parameter Violation: Unused parameter in a closure should be replaced with _ (unused_closure_parameter)
Linting 'ExportProgressView.swift' (131/248)
Linting 'TimelineClipView.swift' (132/248)
/Users/sj/SaneVideo/SaneVideo/Views/EditorLayoutView.swift:129:63: warning: Unused Closure Parameter Violation: Unused parameter in a closure should be replaced with _ (unused_closure_parameter)
Linting 'EffectsPickerView.swift' (133/248)
Linting 'ClipWaveformCalculator.swift' (134/248)
Linting 'TranscriptionEnginePicker.swift' (135/248)
/Users/sj/SaneVideo/SaneVideo/Views/Components/EnhancedMagicOverlayView.swift:93:1: warning: Trailing Newline Violation: Files should have a single trailing newline (trailing_newline)
Linting 'InspectorHelpers.swift' (136/248)
Linting 'TimeRulerView.swift' (137/248)
Linting 'CaptionOverlayView.swift' (138/248)
/Users/sj/SaneVideo/SaneVideo/Views/Components/ExportProgressView.swift:61:1: warning: Trailing Newline Violation: Files should have a single trailing newline (trailing_newline)
Linting 'ClipContextMenu.swift' (139/248)
Linting 'StylesInspectorView.swift' (140/248)
Linting 'EnhancedLoadingIndicator.swift' (141/248)
/Users/sj/SaneVideo/SaneVideo/Views/Components/TranscriptionEnginePicker.swift:82:1: warning: Trailing Newline Violation: Files should have a single trailing newline (trailing_newline)
Linting 'UnifiedRecordButton.swift' (142/248)
Linting 'TranscriptionEditorView.swift' (143/248)
Linting 'LibraryView.swift' (144/248)
/Users/sj/SaneVideo/SaneVideo/Views/Components/PrivacyBadge.swift:64:1: warning: Trailing Newline Violation: Files should have a single trailing newline (trailing_newline)
Linting 'CanvasOverlay.swift' (145/248)
Linting 'ClipInfoSection.swift' (146/248)
Linting 'ThermalStatusIndicator.swift' (147/248)
Linting 'TranscriptTimelineView.swift' (148/248)
Linting 'InformationBox.swift' (149/248)
/Users/sj/SaneVideo/SaneVideo/Views/Components/UnifiedRecordButton.swift:34:37: warning: Trailing Comma Violation: Collection literals should not have trailing commas (trailing_comma)
/Users/sj/SaneVideo/SaneVideo/Views/Components/UnifiedRecordButton.swift:49:37: warning: Trailing Comma Violation: Collection literals should not have trailing commas (trailing_comma)
/Users/sj/SaneVideo/SaneVideo/Views/Components/UnifiedRecordButton.swift:64:57: warning: Trailing Comma Violation: Collection literals should not have trailing commas (trailing_comma)
/Users/sj/SaneVideo/SaneVideo/Views/Components/UnifiedRecordButton.swift:87:37: warning: Trailing Comma Violation: Collection literals should not have trailing commas (trailing_comma)
Linting 'LabeledSliderControl.swift' (150/248)
/Users/sj/SaneVideo/SaneVideo/Views/Components/EnhancedLoadingIndicator.swift:13:9: warning: Implicit Optional Initialization Violation: Optional should be implicitly initialized without nil (implicit_optional_initialization)
/Users/sj/SaneVideo/SaneVideo/Views/Components/EnhancedLoadingIndicator.swift:14:9: warning: Implicit Optional Initialization Violation: Optional should be implicitly initialized without nil (implicit_optional_initialization)
/Users/sj/SaneVideo/SaneVideo/Views/Components/EnhancedLoadingIndicator.swift:15:9: warning: Implicit Optional Initialization Violation: Optional should be implicitly initialized without nil (implicit_optional_initialization)
/Users/sj/SaneVideo/SaneVideo/Views/Components/EnhancedLoadingIndicator.swift:71:1: warning: Trailing Newline Violation: Files should have a single trailing newline (trailing_newline)
Linting 'OptionButtonGroup.swift' (151/248)
/Users/sj/SaneVideo/SaneVideo/Views/Components/PricingBadge.swift:91:1: warning: Trailing Newline Violation: Files should have a single trailing newline (trailing_newline)
Linting 'SheetHeader.swift' (152/248)
Linting 'ErrorDisplayView.swift' (153/248)
Linting 'ClipTrimHandle.swift' (154/248)
Linting 'LogView.swift' (155/248)
Linting 'QuickAccessOverlay.swift' (156/248)
/Users/sj/SaneVideo/SaneVideo/Views/Components/TranscriptTimelineView.swift:381:1: warning: Trailing Newline Violation: Files should have a single trailing newline (trailing_newline)
Linting 'ScreenPreviewView.swift' (157/248)
Linting 'CaptionsSection.swift' (158/248)
Linting 'CaptionListEditor.swift' (159/248)
Linting 'VideoSection.swift' (160/248)
Linting 'AudioVisualizerView.swift' (161/248)
/Users/sj/SaneVideo/SaneVideo/Views/Components/ThermalStatusIndicator.swift:125:1: warning: Trailing Newline Violation: Files should have a single trailing newline (trailing_newline)
/Users/sj/SaneVideo/SaneVideo/Views/Components/ErrorDisplayView.swift:177:1: warning: Trailing Newline Violation: Files should have a single trailing newline (trailing_newline)
Linting 'TimelineEmptyStateView.swift' (162/248)
Linting 'AudioSection.swift' (163/248)
Linting 'CaptionRow.swift' (164/248)
Linting 'MainContentView.swift' (165/248)
/Users/sj/SaneVideo/SaneVideo/Views/Components/QuickAccessOverlay.swift:187:12: warning: Multiple Closures with Trailing Closure Violation: Trailing closure syntax should not be used when passing more than one closure argument (multiple_closures_with_trailing_closure)
/Users/sj/SaneVideo/SaneVideo/Views/Components/QuickAccessOverlay.swift:242:1: warning: Trailing Newline Violation: Files should have a single trailing newline (trailing_newline)
Linting 'ExportView.swift' (166/248)
Linting 'TimelineView.swift' (167/248)
Linting 'ExportYouTubeSection.swift' (168/248)
Linting 'TrackHeaderView.swift' (169/248)
Linting 'MainContentView+Export.swift' (170/248)
Linting 'ExportConfigurationView.swift' (171/248)
Linting 'OnboardingView.swift' (172/248)
Linting 'ExportView+Actions.swift' (173/248)
/Users/sj/SaneVideo/SaneVideo/Views/MainContentView.swift:115:9: warning: Closure Parameter Position Violation: Closure parameters should be on the same line as opening brace (closure_parameter_position)
/Users/sj/SaneVideo/SaneVideo/Views/MainContentView.swift:121:9: warning: Opening Brace Spacing Violation: Opening braces should be preceded by a single space and on the same line as the declaration (opening_brace)
/Users/sj/SaneVideo/SaneVideo/Views/MainContentView.swift:174:9: warning: Opening Brace Spacing Violation: Opening braces should be preceded by a single space and on the same line as the declaration (opening_brace)
Linting 'FirstLaunchView.swift' (174/248)
Linting 'TranscriptionCoordinator.swift' (175/248)
Linting 'ToastManager.swift' (176/248)
Linting 'RecordingCoordinator.swift' (177/248)
Linting 'SmartFillerDetector.swift' (178/248)
Linting 'TranscriptionError.swift' (179/248)
Linting 'WhisperKitService.swift' (180/248)
Linting 'TranscriptionServiceProtocol.swift' (181/248)
Linting 'AppleSpeechService.swift' (182/248)
/Users/sj/SaneVideo/SaneVideo/Views/Onboarding/FirstLaunchView.swift:144:1: warning: Trailing Newline Violation: Files should have a single trailing newline (trailing_newline)
Linting 'CameraFramePublisher.swift' (183/248)
Linting 'KeychainService.swift' (184/248)
Linting 'APIKeyManager.swift' (185/248)
Linting 'CameraManager.swift' (186/248)
/Users/sj/SaneVideo/SaneVideo/Services/Captions/WhisperKitService.swift:214:1: warning: Trailing Newline Violation: Files should have a single trailing newline (trailing_newline)
/Users/sj/SaneVideo/SaneVideo/Services/Captions/TranscriptionError.swift:30:1: warning: Trailing Newline Violation: Files should have a single trailing newline (trailing_newline)
Linting 'VideoWriter.swift' (187/248)
Linting 'RecordingEngine+Processing.swift' (188/248)
/Users/sj/SaneVideo/SaneVideo/Services/Captions/TranscriptionCoordinator.swift:148:1: warning: Trailing Newline Violation: Files should have a single trailing newline (trailing_newline)
Linting 'CursorTrackingService.swift' (189/248)
Linting 'DiskSpaceMonitor.swift' (190/248)
Linting 'RecordingActor.swift' (191/248)
Linting 'RecordingEngine+Setup.swift' (192/248)
Linting 'RecordingEngine+Switching.swift' (193/248)
/Users/sj/SaneVideo/SaneVideo/Services/Captions/TranscriptionServiceProtocol.swift:64:1: warning: Trailing Newline Violation: Files should have a single trailing newline (trailing_newline)
Linting 'ScreenRecorder.swift' (194/248)
Linting 'RecordingEngine.swift' (195/248)
Linting 'AudioResampler.swift' (196/248)
Linting 'PersonSegmentationService.swift' (197/248)
Linting 'RecordingTimeCoordinator.swift' (198/248)
Linting 'FaceTrackingService.swift' (199/248)
/Users/sj/SaneVideo/SaneVideo/Services/Recording/RecordingEngine+Processing.swift:113:7: warning: Opening Brace Spacing Violation: Opening braces should be preceded by a single space and on the same line as the declaration (opening_brace)
/Users/sj/SaneVideo/SaneVideo/Services/Recording/RecordingEngine+Processing.swift:147:7: warning: Opening Brace Spacing Violation: Opening braces should be preceded by a single space and on the same line as the declaration (opening_brace)
Linting 'ClickTrackingService.swift' (200/248)
Linting 'TextRecognitionService.swift' (201/248)
Linting 'BodyPoseService.swift' (202/248)
/Users/sj/SaneVideo/SaneVideo/Services/Recording/ScreenRecorder.swift:514:1: warning: File Length Violation: File should contain 500 lines or less: currently contains 514 (file_length)
/Users/sj/SaneVideo/SaneVideo/Services/Recording/ScreenRecorder.swift:448:7: warning: Opening Brace Spacing Violation: Opening braces should be preceded by a single space and on the same line as the declaration (opening_brace)
/Users/sj/SaneVideo/SaneVideo/Services/Recording/ScreenRecorder.swift:101:97: warning: Trailing Comma Violation: Collection literals should not have trailing commas (trailing_comma)
Linting 'SmartThumbnailService.swift' (203/248)
Linting 'SaliencyService.swift' (204/248)
/Users/sj/SaneVideo/SaneVideo/Services/Vision/FaceTrackingService.swift:144:3: warning: Opening Brace Spacing Violation: Opening braces should be preceded by a single space and on the same line as the declaration (opening_brace)
/Users/sj/SaneVideo/SaneVideo/Services/Vision/FaceTrackingService.swift:197:9: warning: Opening Brace Spacing Violation: Opening braces should be preceded by a single space and on the same line as the declaration (opening_brace)
/Users/sj/SaneVideo/SaneVideo/Services/Recording/RecordingEngine+Setup.swift:163:28: warning: Trailing Comma Violation: Collection literals should not have trailing commas (trailing_comma)
/Users/sj/SaneVideo/SaneVideo/Services/Recording/RecordingEngine+Setup.swift:205:70: warning: Trailing Comma Violation: Collection literals should not have trailing commas (trailing_comma)
Linting 'GenerativeVisionService.swift' (205/248)
Linting 'ProjectFileManager.swift' (206/248)
Linting 'PermissionManager.swift' (207/248)
Linting 'VisionOrchestrator.swift' (208/248)
/Users/sj/SaneVideo/SaneVideo/Services/Recording/RecordingEngine.swift:47:23: warning: Implicit Optional Initialization Violation: Optional should be implicitly initialized without nil (implicit_optional_initialization)
Linting 'ProjectStore.swift' (209/248)
Linting 'VoiceoverService.swift' (210/248)
/Users/sj/SaneVideo/SaneVideo/Services/Recording/ClickTrackingService.swift:123:1: warning: Trailing Newline Violation: Files should have a single trailing newline (trailing_newline)
Linting 'SilenceDetector.swift' (211/248)
Linting 'MagicFixService.swift' (212/248)
Linting 'SmartColorGradeService.swift' (213/248)
Linting 'AudioService.swift' (214/248)
Linting 'RealTimeAudioProcessor.swift' (215/248)
Linting 'SoundAnalysisService.swift' (216/248)
Linting 'VoiceIsolationService.swift' (217/248)
/Users/sj/SaneVideo/SaneVideo/Services/Audio/SoundAnalysisService.swift:78:3: warning: Opening Brace Spacing Violation: Opening braces should be preceded by a single space and on the same line as the declaration (opening_brace)
/Users/sj/SaneVideo/SaneVideo/Services/Audio/SoundAnalysisService.swift:137:3: warning: Opening Brace Spacing Violation: Opening braces should be preceded by a single space and on the same line as the declaration (opening_brace)
/Users/sj/SaneVideo/SaneVideo/Services/Vision/VisionOrchestrator.swift:246:11: warning: Opening Brace Spacing Violation: Opening braces should be preceded by a single space and on the same line as the declaration (opening_brace)
/Users/sj/SaneVideo/SaneVideo/Services/Vision/VisionOrchestrator.swift:54:62: warning: Trailing Comma Violation: Collection literals should not have trailing commas (trailing_comma)
/Users/sj/SaneVideo/SaneVideo/Services/Vision/VisionOrchestrator.swift:67:37: warning: Trailing Comma Violation: Collection literals should not have trailing commas (trailing_comma)
/Users/sj/SaneVideo/SaneVideo/Services/Audio/RealTimeAudioProcessor.swift:337:1: warning: Trailing Newline Violation: Files should have a single trailing newline (trailing_newline)
Linting 'WaveformService.swift' (218/248)
Linting 'OpenAIProvider.swift' (219/248)
Linting 'AIService+DynamicProvider.swift' (220/248)
Linting 'SaneAudioEnhancementService.swift' (221/248)
Linting 'AppleFoundationProvider.swift' (222/248)
Linting 'TranslationService.swift' (223/248)
Linting 'AIService.swift' (224/248)
Linting 'GeminiProvider.swift' (225/248)
Linting 'AIProviders.swift' (226/248)
Linting 'SentimentAnalysisService.swift' (227/248)
Linting 'PerformanceMetricsService.swift' (228/248)
Linting 'AIProviderParser.swift' (229/248)
Linting 'FFmpegService.swift' (230/248)
Linting 'ExportProgressTracker.swift' (231/248)
Linting 'ThumbnailFrameLoader.swift' (232/248)
Linting 'SystemHealthService.swift' (233/248)
Linting 'RenderingService.swift' (234/248)
Linting 'MetalOptimization.swift' (235/248)
Linting 'ExportSpeedTracker.swift' (236/248)
Linting 'ShareLinkService.swift' (237/248)
/Users/sj/SaneVideo/SaneVideo/Services/Diagnostics/SystemHealthService.swift:144:1: warning: Trailing Newline Violation: Files should have a single trailing newline (trailing_newline)
Linting 'ExportEngine.swift' (238/248)
Linting 'ThumbnailStylingService.swift' (239/248)
/Users/sj/SaneVideo/SaneVideo/Services/Diagnostics/PerformanceMetricsService.swift:107:1: warning: Trailing Newline Violation: Files should have a single trailing newline (trailing_newline)
Linting 'ExportCompositor.swift' (240/248)
Linting 'AutoZoomService.swift' (241/248)
Linting 'TimelineEngine.swift' (242/248)
Linting 'YouTubeService.swift' (243/248)
Linting 'ExportTypes.swift' (244/248)
Linting 'PDFGeneratorService.swift' (245/248)
/Users/sj/SaneVideo/SaneVideo/Services/AI/AIService+DynamicProvider.swift:103:1: warning: Trailing Newline Violation: Files should have a single trailing newline (trailing_newline)
Linting 'ThumbnailService.swift' (246/248)
Linting 'ThumbnailGeneratorService.swift' (247/248)
Linting 'LogManager.swift' (248/248)
/Users/sj/SaneVideo/SaneVideo/Services/Effects/AutoZoomService.swift:123:1: warning: Trailing Newline Violation: Files should have a single trailing newline (trailing_newline)
/Users/sj/SaneVideo/SaneVideo/Services/Export/ExportSpeedTracker.swift:105:1: warning: Trailing Newline Violation: Files should have a single trailing newline (trailing_newline)
/Users/sj/SaneVideo/SaneVideo/Services/Rendering/MetalOptimization.swift:144:1: warning: Trailing Newline Violation: Files should have a single trailing newline (trailing_newline)
Done linting! Found 87 violations, 0 serious in 248 files.

ProcessInfoPlistFile /Users/sj/Library/Developer/Xcode/DerivedData/SaneVideo-earhevoqwfzlcscgrlqxftjqjxps/Build/Products/Debug/SaneVideo.app/Contents/Info.plist /Users/sj/SaneVideo/SaneVideo/Info.plist (in target 'SaneVideo' from project 'SaneVideo')
    cd /Users/sj/SaneVideo
    builtin-infoPlistUtility /Users/sj/SaneVideo/SaneVideo/Info.plist -producttype com.apple.product-type.application -genpkginfo /Users/sj/Library/Developer/Xcode/DerivedData/SaneVideo-earhevoqwfzlcscgrlqxftjqjxps/Build/Products/Debug/SaneVideo.app/Contents/PkgInfo -expandbuildsettings -platform macosx -additionalcontentfile /Users/sj/Library/Developer/Xcode/DerivedData/SaneVideo-earhevoqwfzlcscgrlqxftjqjxps/Build/Intermediates.noindex/SaneVideo.build/Debug/SaneVideo.build/assetcatalog_generated_info.plist -scanforprivacyfile /Users/sj/Library/Developer/Xcode/DerivedData/SaneVideo-earhevoqwfzlcscgrlqxftjqjxps/Build/Products/Debug/SaneVideo.app/Contents/Resources/swift-transformers_Hub.bundle -o /Users/sj/Library/Developer/Xcode/DerivedData/SaneVideo-earhevoqwfzlcscgrlqxftjqjxps/Build/Products/Debug/SaneVideo.app/Contents/Info.plist

ProcessProductPackaging "" /Users/sj/Library/Developer/Xcode/DerivedData/SaneVideo-earhevoqwfzlcscgrlqxftjqjxps/Build/Intermediates.noindex/SaneVideo.build/Debug/SaneVideoUITests.build/SaneVideoUITests.xctest.xcent (in target 'SaneVideoUITests' from project 'SaneVideo')
    cd /Users/sj/SaneVideo
    
    Entitlements:
    
    {
    "com.apple.application-identifier" = "com.sanevideo.SaneVideoUITests.xctrunner";
    "com.apple.security.app-sandbox" = 1;
    "com.apple.security.get-task-allow" = 1;
    "com.apple.security.network.client" = 1;
    "com.apple.security.temporary-exception.files.absolute-path.read-only" =     (
        "/"
    );
    "com.apple.security.temporary-exception.mach-lookup.global-name" =     (
        "com.apple.testmanagerd",
        "com.apple.dt.testmanagerd.runner",
        "com.apple.coresymbolicationd",
        "com.apple.coredevice.version",
        "com.apple.coredevice.service",
        "com.apple.remoted"
    );
    "com.apple.security.temporary-exception.mach-lookup.local-name" =     (
        "com.apple.axserver"
    );
    "com.apple.security.temporary-exception.sbpl" =     (
        "(allow hid-control)",
        "(allow signal)"
    );
}
    
    builtin-productPackagingUtility -entitlements -format xml -o /Users/sj/Library/Developer/Xcode/DerivedData/SaneVideo-earhevoqwfzlcscgrlqxftjqjxps/Build/Intermediates.noindex/SaneVideo.build/Debug/SaneVideoUITests.build/SaneVideoUITests.xctest.xcent

CopySwiftLibs /Users/sj/Library/Developer/Xcode/DerivedData/SaneVideo-earhevoqwfzlcscgrlqxftjqjxps/Build/Products/Debug/SaneVideo.app (in target 'SaneVideo' from project 'SaneVideo')
    cd /Users/sj/SaneVideo
    builtin-swiftStdLibTool --copy --verbose --sign - --scan-executable /Users/sj/Library/Developer/Xcode/DerivedData/SaneVideo-earhevoqwfzlcscgrlqxftjqjxps/Build/Products/Debug/SaneVideo.app/Contents/MacOS/SaneVideo.debug.dylib --scan-folder /Users/sj/Library/Developer/Xcode/DerivedData/SaneVideo-earhevoqwfzlcscgrlqxftjqjxps/Build/Products/Debug/SaneVideo.app/Contents/Frameworks --scan-folder /Users/sj/Library/Developer/Xcode/DerivedData/SaneVideo-earhevoqwfzlcscgrlqxftjqjxps/Build/Products/Debug/SaneVideo.app/Contents/PlugIns --scan-folder /Users/sj/Library/Developer/Xcode/DerivedData/SaneVideo-earhevoqwfzlcscgrlqxftjqjxps/Build/Products/Debug/SaneVideo.app/Contents/Library/SystemExtensions --scan-folder /Users/sj/Library/Developer/Xcode/DerivedData/SaneVideo-earhevoqwfzlcscgrlqxftjqjxps/Build/Products/Debug/SaneVideo.app/Contents/Extensions --platform macosx --toolchain /var/run/com.apple.security.cryptexd/mnt/com.apple.MobileAsset.MetalToolchain-v17.3.48.0.2taJne/Metal.xctoolchain --toolchain /Applications/Xcode.app/Contents/Developer/Toolchains/XcodeDefault.xctoolchain --destination /Users/sj/Library/Developer/Xcode/DerivedData/SaneVideo-earhevoqwfzlcscgrlqxftjqjxps/Build/Products/Debug/SaneVideo.app/Contents/Frameworks --strip-bitcode --strip-bitcode-tool /Applications/Xcode.app/Contents/Developer/Toolchains/XcodeDefault.xctoolchain/usr/bin/bitcode_strip --emit-dependency-info /Users/sj/Library/Developer/Xcode/DerivedData/SaneVideo-earhevoqwfzlcscgrlqxftjqjxps/Build/Intermediates.noindex/SaneVideo.build/Debug/SaneVideo.build/SwiftStdLibToolInputDependencies.dep --filter-for-swift-os

ProcessProductPackagingDER /Users/sj/Library/Developer/Xcode/DerivedData/SaneVideo-earhevoqwfzlcscgrlqxftjqjxps/Build/Intermediates.noindex/SaneVideo.build/Debug/SaneVideoUITests.build/SaneVideoUITests.xctest.xcent /Users/sj/Library/Developer/Xcode/DerivedData/SaneVideo-earhevoqwfzlcscgrlqxftjqjxps/Build/Intermediates.noindex/SaneVideo.build/Debug/SaneVideoUITests.build/SaneVideoUITests.xctest.xcent.der (in target 'SaneVideoUITests' from project 'SaneVideo')
    cd /Users/sj/SaneVideo
    /usr/bin/derq query -f xml -i /Users/sj/Library/Developer/Xcode/DerivedData/SaneVideo-earhevoqwfzlcscgrlqxftjqjxps/Build/Intermediates.noindex/SaneVideo.build/Debug/SaneVideoUITests.build/SaneVideoUITests.xctest.xcent -o /Users/sj/Library/Developer/Xcode/DerivedData/SaneVideo-earhevoqwfzlcscgrlqxftjqjxps/Build/Intermediates.noindex/SaneVideo.build/Debug/SaneVideoUITests.build/SaneVideoUITests.xctest.xcent.der --raw

ProcessInfoPlistFile /Users/sj/Library/Developer/Xcode/DerivedData/SaneVideo-earhevoqwfzlcscgrlqxftjqjxps/Build/Products/Debug/SaneVideo.app/Contents/PlugIns/SaneVideoTests.xctest/Contents/Info.plist /Users/sj/SaneVideo/SaneVideoTests/Info.plist (in target 'SaneVideoTests' from project 'SaneVideo')
    cd /Users/sj/SaneVideo
    builtin-infoPlistUtility /Users/sj/SaneVideo/SaneVideoTests/Info.plist -producttype com.apple.product-type.bundle.unit-test -expandbuildsettings -platform macosx -scanforprivacyfile /Users/sj/Library/Developer/Xcode/DerivedData/SaneVideo-earhevoqwfzlcscgrlqxftjqjxps/Build/Products/Debug/SaneVideo.app/Contents/PlugIns/SaneVideoTests.xctest/Contents/Resources/swift-transformers_Hub.bundle -o /Users/sj/Library/Developer/Xcode/DerivedData/SaneVideo-earhevoqwfzlcscgrlqxftjqjxps/Build/Products/Debug/SaneVideo.app/Contents/PlugIns/SaneVideoTests.xctest/Contents/Info.plist

CopySwiftLibs /Users/sj/Library/Developer/Xcode/DerivedData/SaneVideo-earhevoqwfzlcscgrlqxftjqjxps/Build/Products/Debug/SaneVideo.app/Contents/PlugIns/SaneVideoTests.xctest (in target 'SaneVideoTests' from project 'SaneVideo')
    cd /Users/sj/SaneVideo
    builtin-swiftStdLibTool --copy --verbose --sign - --scan-executable /Users/sj/Library/Developer/Xcode/DerivedData/SaneVideo-earhevoqwfzlcscgrlqxftjqjxps/Build/Products/Debug/SaneVideo.app/Contents/PlugIns/SaneVideoTests.xctest/Contents/MacOS/SaneVideoTests --scan-folder /Users/sj/Library/Developer/Xcode/DerivedData/SaneVideo-earhevoqwfzlcscgrlqxftjqjxps/Build/Products/Debug/SaneVideo.app/Contents/PlugIns/SaneVideoTests.xctest/Contents/Frameworks --scan-folder /Users/sj/Library/Developer/Xcode/DerivedData/SaneVideo-earhevoqwfzlcscgrlqxftjqjxps/Build/Products/Debug/SaneVideo.app/Contents/PlugIns/SaneVideoTests.xctest/Contents/PlugIns --scan-folder /Users/sj/Library/Developer/Xcode/DerivedData/SaneVideo-earhevoqwfzlcscgrlqxftjqjxps/Build/Products/Debug/SaneVideo.app/Contents/PlugIns/SaneVideoTests.xctest/Contents/Library/SystemExtensions --scan-folder /Users/sj/Library/Developer/Xcode/DerivedData/SaneVideo-earhevoqwfzlcscgrlqxftjqjxps/Build/Products/Debug/SaneVideo.app/Contents/PlugIns/SaneVideoTests.xctest/Contents/Extensions --platform macosx --toolchain /var/run/com.apple.security.cryptexd/mnt/com.apple.MobileAsset.MetalToolchain-v17.3.48.0.2taJne/Metal.xctoolchain --toolchain /Applications/Xcode.app/Contents/Developer/Toolchains/XcodeDefault.xctoolchain --destination /Users/sj/Library/Developer/Xcode/DerivedData/SaneVideo-earhevoqwfzlcscgrlqxftjqjxps/Build/Products/Debug/SaneVideo.app/Contents/PlugIns/SaneVideoTests.xctest/Contents/Frameworks --strip-bitcode --scan-executable /Applications/Xcode.app/Contents/Developer/Platforms/MacOSX.platform/Developer/usr/lib/libXCTestSwiftSupport.dylib --strip-bitcode-tool /Applications/Xcode.app/Contents/Developer/Toolchains/XcodeDefault.xctoolchain/usr/bin/bitcode_strip --emit-dependency-info /Users/sj/Library/Developer/Xcode/DerivedData/SaneVideo-earhevoqwfzlcscgrlqxftjqjxps/Build/Intermediates.noindex/SaneVideo.build/Debug/SaneVideoTests.build/SwiftStdLibToolInputDependencies.dep --filter-for-swift-os

CodeSign /Users/sj/Library/Developer/Xcode/DerivedData/SaneVideo-earhevoqwfzlcscgrlqxftjqjxps/Build/Products/Debug/SaneVideo.app (in target 'SaneVideo' from project 'SaneVideo')
    cd /Users/sj/SaneVideo
    
    Signing Identity:     "Sign to Run Locally"
    
    /usr/bin/codesign --force --sign - --entitlements /Users/sj/Library/Developer/Xcode/DerivedData/SaneVideo-earhevoqwfzlcscgrlqxftjqjxps/Build/Intermediates.noindex/SaneVideo.build/Debug/SaneVideo.build/SaneVideo.app.xcent --timestamp\=none --generate-entitlement-der /Users/sj/Library/Developer/Xcode/DerivedData/SaneVideo-earhevoqwfzlcscgrlqxftjqjxps/Build/Products/Debug/SaneVideo.app
/Users/sj/Library/Developer/Xcode/DerivedData/SaneVideo-earhevoqwfzlcscgrlqxftjqjxps/Build/Products/Debug/SaneVideo.app: replacing existing signature

Validate /Users/sj/Library/Developer/Xcode/DerivedData/SaneVideo-earhevoqwfzlcscgrlqxftjqjxps/Build/Products/Debug/SaneVideo.app (in target 'SaneVideo' from project 'SaneVideo')
    cd /Users/sj/SaneVideo
    builtin-validationUtility /Users/sj/Library/Developer/Xcode/DerivedData/SaneVideo-earhevoqwfzlcscgrlqxftjqjxps/Build/Products/Debug/SaneVideo.app -no-validate-extension -infoplist-subpath Contents/Info.plist

RegisterWithLaunchServices /Users/sj/Library/Developer/Xcode/DerivedData/SaneVideo-earhevoqwfzlcscgrlqxftjqjxps/Build/Products/Debug/SaneVideo.app (in target 'SaneVideo' from project 'SaneVideo')
    cd /Users/sj/SaneVideo
    /System/Library/Frameworks/CoreServices.framework/Versions/Current/Frameworks/LaunchServices.framework/Versions/Current/Support/lsregister -f -R -trusted /Users/sj/Library/Developer/Xcode/DerivedData/SaneVideo-earhevoqwfzlcscgrlqxftjqjxps/Build/Products/Debug/SaneVideo.app

CopySwiftLibs /Users/sj/Library/Developer/Xcode/DerivedData/SaneVideo-earhevoqwfzlcscgrlqxftjqjxps/Build/Products/Debug/SaneVideoUITests-Runner.app/Contents/PlugIns/SaneVideoUITests.xctest (in target 'SaneVideoUITests' from project 'SaneVideo')
    cd /Users/sj/SaneVideo
    builtin-swiftStdLibTool --copy --verbose --sign - --scan-executable /Users/sj/Library/Developer/Xcode/DerivedData/SaneVideo-earhevoqwfzlcscgrlqxftjqjxps/Build/Products/Debug/SaneVideoUITests-Runner.app/Contents/PlugIns/SaneVideoUITests.xctest/Contents/MacOS/SaneVideoUITests --scan-folder /Users/sj/Library/Developer/Xcode/DerivedData/SaneVideo-earhevoqwfzlcscgrlqxftjqjxps/Build/Products/Debug/SaneVideoUITests-Runner.app/Contents/PlugIns/SaneVideoUITests.xctest/Contents/Frameworks --scan-folder /Users/sj/Library/Developer/Xcode/DerivedData/SaneVideo-earhevoqwfzlcscgrlqxftjqjxps/Build/Products/Debug/SaneVideoUITests-Runner.app/Contents/PlugIns/SaneVideoUITests.xctest/Contents/PlugIns --scan-folder /Users/sj/Library/Developer/Xcode/DerivedData/SaneVideo-earhevoqwfzlcscgrlqxftjqjxps/Build/Products/Debug/SaneVideoUITests-Runner.app/Contents/PlugIns/SaneVideoUITests.xctest/Contents/Library/SystemExtensions --scan-folder /Users/sj/Library/Developer/Xcode/DerivedData/SaneVideo-earhevoqwfzlcscgrlqxftjqjxps/Build/Products/Debug/SaneVideoUITests-Runner.app/Contents/PlugIns/SaneVideoUITests.xctest/Contents/Extensions --platform macosx --toolchain /var/run/com.apple.security.cryptexd/mnt/com.apple.MobileAsset.MetalToolchain-v17.3.48.0.2taJne/Metal.xctoolchain --toolchain /Applications/Xcode.app/Contents/Developer/Toolchains/XcodeDefault.xctoolchain --destination /Users/sj/Library/Developer/Xcode/DerivedData/SaneVideo-earhevoqwfzlcscgrlqxftjqjxps/Build/Products/Debug/SaneVideoUITests-Runner.app/Contents/PlugIns/SaneVideoUITests.xctest/Contents/Frameworks --strip-bitcode --scan-executable /Applications/Xcode.app/Contents/Developer/Platforms/MacOSX.platform/Developer/usr/lib/libXCTestSwiftSupport.dylib --strip-bitcode-tool /Applications/Xcode.app/Contents/Developer/Toolchains/XcodeDefault.xctoolchain/usr/bin/bitcode_strip --emit-dependency-info /Users/sj/Library/Developer/Xcode/DerivedData/SaneVideo-earhevoqwfzlcscgrlqxftjqjxps/Build/Intermediates.noindex/SaneVideo.build/Debug/SaneVideoUITests.build/SwiftStdLibToolInputDependencies.dep --filter-for-swift-os

ProcessInfoPlistFile /Users/sj/Library/Developer/Xcode/DerivedData/SaneVideo-earhevoqwfzlcscgrlqxftjqjxps/Build/Products/Debug/SaneVideoUITests-Runner.app/Contents/PlugIns/SaneVideoUITests.xctest/Contents/Info.plist /Users/sj/Library/Developer/Xcode/DerivedData/SaneVideo-earhevoqwfzlcscgrlqxftjqjxps/Build/Intermediates.noindex/SaneVideo.build/Debug/SaneVideoUITests.build/empty-SaneVideoUITests.plist (in target 'SaneVideoUITests' from project 'SaneVideo')
    cd /Users/sj/SaneVideo
    builtin-infoPlistUtility /Users/sj/Library/Developer/Xcode/DerivedData/SaneVideo-earhevoqwfzlcscgrlqxftjqjxps/Build/Intermediates.noindex/SaneVideo.build/Debug/SaneVideoUITests.build/empty-SaneVideoUITests.plist -producttype com.apple.product-type.bundle.ui-testing -expandbuildsettings -platform macosx -additionalcontentfile /Users/sj/Library/Developer/Xcode/DerivedData/SaneVideo-earhevoqwfzlcscgrlqxftjqjxps/Build/Intermediates.noindex/SaneVideo.build/Debug/SaneVideoUITests.build/ProductTypeInfoPlistAdditions.plist -o /Users/sj/Library/Developer/Xcode/DerivedData/SaneVideo-earhevoqwfzlcscgrlqxftjqjxps/Build/Products/Debug/SaneVideoUITests-Runner.app/Contents/PlugIns/SaneVideoUITests.xctest/Contents/Info.plist

CodeSign /Users/sj/Library/Developer/Xcode/DerivedData/SaneVideo-earhevoqwfzlcscgrlqxftjqjxps/Build/Products/Debug/SaneVideoUITests-Runner.app/Contents/PlugIns/SaneVideoUITests.xctest (in target 'SaneVideoUITests' from project 'SaneVideo')
    cd /Users/sj/SaneVideo
    
    Signing Identity:     "Sign to Run Locally"
    
    /usr/bin/codesign --force --sign - --entitlements /Users/sj/Library/Developer/Xcode/DerivedData/SaneVideo-earhevoqwfzlcscgrlqxftjqjxps/Build/Intermediates.noindex/SaneVideo.build/Debug/SaneVideoUITests.build/SaneVideoUITests.xctest.xcent --timestamp\=none --generate-entitlement-der /Users/sj/Library/Developer/Xcode/DerivedData/SaneVideo-earhevoqwfzlcscgrlqxftjqjxps/Build/Products/Debug/SaneVideoUITests-Runner.app/Contents/PlugIns/SaneVideoUITests.xctest
/Users/sj/Library/Developer/Xcode/DerivedData/SaneVideo-earhevoqwfzlcscgrlqxftjqjxps/Build/Products/Debug/SaneVideoUITests-Runner.app/Contents/PlugIns/SaneVideoUITests.xctest: replacing existing signature

CodeSign /Users/sj/Library/Developer/Xcode/DerivedData/SaneVideo-earhevoqwfzlcscgrlqxftjqjxps/Build/Products/Debug/SaneVideoUITests-Runner.app (in target 'SaneVideoUITests' from project 'SaneVideo')
    cd /Users/sj/SaneVideo
    
    Signing Identity:     "Sign to Run Locally"
    
    /usr/bin/codesign --force --sign - --entitlements /Users/sj/Library/Developer/Xcode/DerivedData/SaneVideo-earhevoqwfzlcscgrlqxftjqjxps/Build/Intermediates.noindex/SaneVideo.build/Debug/SaneVideoUITests.build/SaneVideoUITests.xctest.xcent --timestamp\=none --generate-entitlement-der /Users/sj/Library/Developer/Xcode/DerivedData/SaneVideo-earhevoqwfzlcscgrlqxftjqjxps/Build/Products/Debug/SaneVideoUITests-Runner.app
/Users/sj/Library/Developer/Xcode/DerivedData/SaneVideo-earhevoqwfzlcscgrlqxftjqjxps/Build/Products/Debug/SaneVideoUITests-Runner.app: replacing existing signature

note: Run script build phase 'Run SwiftLint' will be run during every build because the option to run the script phase "Based on dependency analysis" is unchecked. (in target 'SaneVideo' from project 'SaneVideo')
2025-12-24 18:27:55.171186-0500 SaneVideo[64250:2636399] [Project] 🧪 ProjectStore: Using temporary directory for tests
2025-12-24 18:27:55.175928-0500 SaneVideo[64250:2636399] [Project] ProjectStore initialized at: /Users/sj/Library/Containers/com.sanevideo.SaneVideo/Data/tmp/SaneVideo_Test_Projects
2025-12-24 18:27:55.215119-0500 SaneVideo[64250:2636433] [Client] -[AFPreferences _languageCodeWithFallback:] No language code saved, but Assistant is enabled
2025-12-24 18:27:55.250398-0500 SaneVideo[64250:2636399] [General] MemoryManager: Memory pressure observer activated
2025-12-24 18:27:55.252831-0500 SaneVideo[64250:2636399] 🧪 AppState: Recording Mode (default)
2025-12-24 18:27:55.253056-0500 SaneVideo[64250:2636399] 🚀 AppState: init completed (appMode: recording)
2025-12-24 18:27:55.253063-0500 SaneVideo[64250:2636399] [General] 🚀 AppState: init completed
2025-12-24 18:27:55.288343-0500 SaneVideo[64250:2636399] ApplePersistenceIgnoreState: Existing state will not be touched. New state will be written to /Users/sj/Library/Containers/com.sanevideo.SaneVideo/Data/tmp/com.sanevideo.SaneVideo.savedState
2025-12-24 18:27:55.393209-0500 SaneVideo[64250:2636399] 🚀 SaneVideoApp: WindowGroup onAppear
2025-12-24 18:27:55.400254-0500 SaneVideo[64250:2636399] ✅ GlobalHotkeyManager: Event handler installed
2025-12-24 18:27:55.400495-0500 SaneVideo[64250:2636399] [General] 📊 CrashReporter: MetricKit subscription activated
2025-12-24 18:27:55.419278-0500 SaneVideo[64250:2636399] [VoiceIsolation] Attempting to instantiate AUSoundIsolation (timeout: 5s)...
2025-12-24 18:27:55.419643-0500 SaneVideo[64250:2636399] [Project] 🧪 ProjectState: Skipping loadProjects (UI Test Environment)
2025-12-24 18:27:55.419665-0500 SaneVideo[64250:2636399] [Audio] start() called
2025-12-24 18:27:55.419673-0500 SaneVideo[64250:2636399] [Audio] Microphone permission not granted, requesting...
2025-12-24 18:27:55.419681-0500 SaneVideo[64250:2636399] [Audio] Requesting microphone permission...
2025-12-24 18:27:55.430356-0500 SaneVideo[64250:2636399] [plugin] AddInstanceForFactory: No factory registered for id <CFUUID 0x80b292620> F8BB1C28-BAE8-11D6-9C31-00039315CD46
2025-12-24 18:27:55.443126-0500 SaneVideo[64250:2636441] [] <<<< IOSurface Support >>>> signalled err=-536870206 at <>:3248
2025-12-24 18:27:55.454950-0500 SaneVideo[64250:2636399] [] CMIO_DAL_CMIOExtension_Device.mm:373:Device legacy uuid isn't present, using new style uuid instead
2025-12-24 18:27:55.456437-0500 SaneVideo[64250:2636436] [] CMIOExtensionProviderHostContext.m:75:-[CMIOExtensionProviderHostContext initWithConnection:delegate:]_block_invoke [0] received Connection invalid
2025-12-24 18:27:55.456453-0500 SaneVideo[64250:2636436] [] CMIOExtensionProviderHostContext.m:1282:-[CMIOExtensionProviderHostContext sendEmptyClientInfo]_block_invoke received Connection invalid
2025-12-24 18:27:55.456461-0500 SaneVideo[64250:2636399] [] CMIOExtensionProviderHostContext.m:434:-[CMIOExtensionProviderHostContext pluginStates:] received Connection invalid
2025-12-24 18:27:55.456491-0500 SaneVideo[64250:2636399] [] CMIOExtensionSession.m:1309:-[CMIOExtensionSessionProvider initWithEndpoint:delegate:]_block_invoke failed getting the states of the plugin error Error Domain=NSOSStatusErrorDomain Code=-7 "kCSIdentityInvalidPosixNameErr"
2025-12-24 18:27:55.456499-0500 SaneVideo[64250:2636399] [] CMIO_DAL_CMIOExtension_PlugIn.mm:316:-[CMIODALExtensionPlugIn initWithPlugIn:endpoint:] plugin 36 / <CMIOExtensionSessionProvider> provider bundleID com.apple.appleh13camerad endpoint 0x80bc43ee0 could not call devices/properties initializer
2025-12-24 18:27:55.456504-0500 SaneVideo[64250:2636399] [] CMIO_DAL_CMIOExtension_PlugIn.mm:754:Initialize invalid provider state
2025-12-24 18:27:55.456567-0500 SaneVideo[64250:2636399] [] CMIO_DAL_CMIOExtension_PlugIn.mm:163:-[CMIODALExtensionSession updateStateWithExtensionsArrived:extensionsRemoved:] an error occurred
2025-12-24 18:27:55.460167-0500 SaneVideo[64250:2636399] [] CMIO_DAL_CMIOExtension_Stream.mm:1906:GetPropertyData background replacement pixel buffer size invalid or not available
2025-12-24 18:27:55.460183-0500 SaneVideo[64250:2636399] [] CMIOHardware.cpp:331:CMIOObjectGetPropertyData Error: 2003332927, failed
2025-12-24 18:27:55.594517-0500 SaneVideo[64250:2636399] [Camera] Camera permission not granted, requesting...
2025-12-24 18:27:55.594538-0500 SaneVideo[64250:2636399] [Camera] Requesting camera permission...
2025-12-24 18:27:55.595449-0500 SaneVideo[64250:2636399] [WarnOnce] It's not legal to call -layoutSubtreeIfNeeded on a view which is already being laid out.  If you are implementing the view's -layout method, you can call -[super layout] instead.  Break on void _NSDetectedLayoutRecursion(void) to debug.  This will be logged only once.  This may break in the future.
2025-12-24 18:27:55.595742-0500 SaneVideo[64250:2636399] [VoiceIsolation] AUSoundIsolation unit instantiated successfully
Test Suite 'Selected tests' started at 2025-12-24 18:27:55.600.
Test Suite 'SaneVideoTests.xctest' started at 2025-12-24 18:27:55.600.
Test Suite 'SaneVideoTests.xctest' passed at 2025-12-24 18:27:55.600.
	 Executed 0 tests, with 0 failures (0 unexpected) in 0.000 (0.000) seconds
Test Suite 'Selected tests' passed at 2025-12-24 18:27:55.600.
	 Executed 0 tests, with 0 failures (0 unexpected) in 0.000 (0.000) seconds
◇ Test run started.
↳ Testing Library Version: 1501
↳ Target Platform: arm64e-apple-macos14.0
◇ Suite "Comprehensive Feature Tests" started.
◇ Test "Recording: Start recording enters preparing state" started.
✔ Test "Recording: Start recording enters preparing state" passed after 0.011 seconds.
◇ Test "Recording: Stop recording cleans up state" started.
2025-12-24 18:27:55.616933-0500 SaneVideo[64250:2636433] [] (Fig) signalled err=0 at <>:85
✔ Test "Recording: Stop recording cleans up state" passed after 0.011 seconds.
◇ Test "Recording: Countdown timer works" started.
✔ Test "Recording: Countdown timer works" passed after 0.005 seconds.
◇ Test "Editing: Add clip to timeline" started.
2025-12-24 18:27:55.633573-0500 SaneVideo[64250:2636399] [Project] 🔐 Started security scope session for 0/0 URLs
2025-12-24 18:27:55.633636-0500 SaneVideo[64250:2636399] [Project] Started new project DA72F7B8-CA67-4CB7-B53B-CCA1D1BCDC83 with template: none
2025-12-24 18:27:55.633715-0500 SaneVideo[64250:2636399] [Project] Added clip E9DF4B8C-B10B-4310-B5C1-53258D1D6681 to track '' at 0.0s
✔ Test "Editing: Add clip to timeline" passed after 0.002 seconds.
◇ Test "Editing: Split clip at playhead" started.
2025-12-24 18:27:55.633907-0500 SaneVideo[64250:2636399] [Project] 🧪 ProjectState: Skipping loadProjects (UI Test Environment)
2025-12-24 18:27:55.635629-0500 SaneVideo[64250:2636436] [Project] Saved project: Untitled Project to DA72F7B8-CA67-4CB7-B53B-CCA1D1BCDC83.svproj
2025-12-24 18:27:55.635849-0500 SaneVideo[64250:2636441] [Project] Saved project: Untitled Project to DA72F7B8-CA67-4CB7-B53B-CCA1D1BCDC83.svproj
2025-12-24 18:27:55.636177-0500 SaneVideo[64250:2636399] [Project] 🔐 Started security scope session for 0/0 URLs
2025-12-24 18:27:55.636193-0500 SaneVideo[64250:2636399] [Project] Started new project 86FAA289-9CA1-40AB-A107-27CC0FB0118A with template: none
2025-12-24 18:27:55.636215-0500 SaneVideo[64250:2636399] [Project] Added clip 71D0304D-4EB6-41DB-A17F-AD65C4FBAF7D to track '' at 0.0s
2025-12-24 18:27:55.636336-0500 SaneVideo[64250:2636399] [Project] Split clip 71D0304D-4EB6-41DB-A17F-AD65C4FBAF7D at timeline 5.0s (Asset: 5.0s)
✔ Test "Editing: Split clip at playhead" passed after 0.002 seconds.
◇ Test "Editing: Delete clip from timeline" started.
2025-12-24 18:27:55.636590-0500 SaneVideo[64250:2636399] [Project] 🧪 ProjectState: Skipping loadProjects (UI Test Environment)
2025-12-24 18:27:55.636775-0500 SaneVideo[64250:2636399] [Project] Saved project Untitled Project
2025-12-24 18:27:55.636862-0500 SaneVideo[64250:2636399] [Project] 🔐 Started security scope session for 0/0 URLs
2025-12-24 18:27:55.636870-0500 SaneVideo[64250:2636399] [Project] Started new project 76560414-B77D-4147-948E-3C19ABAA6018 with template: none
2025-12-24 18:27:55.636882-0500 SaneVideo[64250:2636399] [Project] Added clip 435B9627-7DAF-4731-8430-EC867AC4A169 to track '' at 0.0s
2025-12-24 18:27:55.636934-0500 SaneVideo[64250:2636399] [Project] Removed clip from timeline: test_video.mp4
2025-12-24 18:27:55.636946-0500 SaneVideo[64250:2636399] [Project] Saved project Untitled Project
2025-12-24 18:27:55.636952-0500 SaneVideo[64250:2636399] [Project] 🔓 Stopped security scope session for 0 URLs
✔ Test "Editing: Delete clip from timeline" passed after 0.001 seconds.
◇ Test "Editing: Update clip properties" started.
2025-12-24 18:27:55.637314-0500 SaneVideo[64250:2636399] [Project] 🧪 ProjectState: Skipping loadProjects (UI Test Environment)
2025-12-24 18:27:55.637875-0500 SaneVideo[64250:2636436] [Project] Saved project: Untitled Project to 86FAA289-9CA1-40AB-A107-27CC0FB0118A.svproj
2025-12-24 18:27:55.637701-0500 SaneVideo[64250:2636438] [Project] Saved project: Untitled Project to 86FAA289-9CA1-40AB-A107-27CC0FB0118A.svproj
2025-12-24 18:27:55.637724-0500 SaneVideo[64250:2636439] [Project] Saved project: Untitled Project to 86FAA289-9CA1-40AB-A107-27CC0FB0118A.svproj
2025-12-24 18:27:55.638363-0500 SaneVideo[64250:2636399] [Project] 🔐 Started security scope session for 0/0 URLs
2025-12-24 18:27:55.638373-0500 SaneVideo[64250:2636399] [Project] Started new project DE684EA7-B592-430B-8519-F3B4BDDFC557 with template: none
2025-12-24 18:27:55.638388-0500 SaneVideo[64250:2636399] [Project] Added clip DE7F3BB7-AD49-4975-B300-1C449A762965 to track '' at 0.0s
2025-12-24 18:27:55.638465-0500 SaneVideo[64250:2636399] [Project] Updated clip volume to 50%
✘ Test "Editing: Update clip properties" recorded an issue at ComprehensiveFeatureTests.swift:157:9: Expectation failed: (abs(updatedClip?.volume ?? 0.0 - 0.5) → 0.5) < 0.01
2025-12-24 18:27:55.638767-0500 SaneVideo[64250:2636437] [Project] Saved project: Untitled Project to 76560414-B77D-4147-948E-3C19ABAA6018.svproj
✘ Test "Editing: Update clip properties" failed after 0.001 seconds with 1 issue.
◇ Test "Magic Fix: Silence removal option exists" started.
2025-12-24 18:27:55.639094-0500 SaneVideo[64250:2636399] [Project] 🧪 ProjectState: Skipping loadProjects (UI Test Environment)
2025-12-24 18:27:55.639372-0500 SaneVideo[64250:2636399] [Project] Saved project Untitled Project
2025-12-24 18:27:55.639379-0500 SaneVideo[64250:2636399] [Project] Saved project Untitled Project
2025-12-24 18:27:55.639387-0500 SaneVideo[64250:2636399] [Project] Saved project Untitled Project
2025-12-24 18:27:55.639393-0500 SaneVideo[64250:2636399] [Project] 🔓 Stopped security scope session for 0 URLs
2025-12-24 18:27:55.639496-0500 SaneVideo[64250:2636399] [Project] Saved project Untitled Project
✘ Test "Magic Fix: Silence removal option exists" recorded an issue at ComprehensiveFeatureTests.swift:166:9: Expectation failed: (options.removeSilence → true) == false
2025-12-24 18:27:55.639891-0500 SaneVideo[64250:2636570] [Project] Saved project: Untitled Project to 76560414-B77D-4147-948E-3C19ABAA6018.svproj
✘ Test "Magic Fix: Silence removal option exist2025-12-24 18:27:55.639992-0500 SaneVideo[64250:2636399] [Project] Saved project Untitled Project
s" failed after 0.001 seconds with 1 issue.
2025-12-24 18:27:55.640006-0500 SaneVideo[64250:2636436] [Project] Saved project: Untitled Project to 76560414-B77D-4147-948E-3C19ABAA6018.svproj
2025-12-24 18:27:55.640517-0500 SaneVideo[64250:2636439] [Project] Saved project: Untitled Project to DE684EA7-B592-430B-8519-F3B4BDDFC557.svproj
2025-12-24 18:27:55.640592-0500 SaneVideo[64250:2636441] [Project] Saved project: Untitled Project to DE684EA7-B592-430B-8519-F3B4BDDFC557.svproj
2025-12-24 18:27:55.640556-0500 SaneVideo[64250:2636437] [Project] Saved project: Untitled Project to DE684EA7-B592-430B-8519-F3B4BDDFC557.svproj
◇ Test "Magic Fix: Filler word removal option exists" started.
2025-12-24 18:27:55.641187-0500 SaneVideo[64250:2636399] [Project] Saved project Untitled Project
2025-12-24 18:27:55.641192-0500 SaneVideo[64250:2636399] [Project] Saved project Untitled Project
2025-12-24 18:27:55.641198-0500 SaneVideo[64250:2636399] [Project] 🔓 Stopped security scope session for 0 URLs
2025-12-24 18:27:55.641203-0500 SaneVideo[64250:2636399] [Project] Saved project Untitled Project
2025-12-24 18:27:55.641206-0500 SaneVideo[64250:2636399] [Project] Saved project Untitled Project
2025-12-24 18:27:55.641210-0500 SaneVideo[64250:2636399] [Project] 🔓 Stopped security scope session for 0 URLs
✘ Test "Magic Fix: Filler word removal option exists" recorded an issue at ComprehensiveFeatureTests.swift:173:9: Expectation failed: (options.removeFillers → true) == false
✘ Test "Magic Fix: Filler word removal option exists" failed after 0.001 seconds with 1 issue.
◇ Test "Magic Fix: Presets are available" started.
✔ Test "Magic Fix: Presets are available" passed after 0.001 seconds.
◇ Test "Export: Export preset creation" started.
✔ Test "Export: Export preset creation" passed after 0.001 seconds.
◇ Test "Export: Export preset is identifiable" started.
✔ Test "Export: Export preset is identifiable" passed after 0.001 seconds.
◇ Test "Caption: Caption model creation" started.
✔ Test "Caption: Caption model creation" passed after 0.001 seconds.
◇ Test "Project: Create new project" started.
✔ Test "Project: Create new project" passed after 0.001 seconds.
◇ Test "Project: Add track to project" started.
✔ Test "Project: Add track to project" passed after 0.001 seconds.
◇ Test "Project: Save and load project" started.
2025-12-24 18:27:55.642809-0500 SaneVideo[64250:2636399] [Project] 🧪 ProjectStore: Using temporary directory for tests
2025-12-24 18:27:55.643256-0500 SaneVideo[64250:2636399] [Project] ProjectStore initialized at: /Users/sj/Library/Containers/com.sanevideo.SaneVideo/Data/tmp/SaneVideo_Test_Projects
2025-12-24 18:27:55.644168-0500 SaneVideo[64250:2636436] [Project] Saved project: Test Save Project to B815708A-3CF5-4B41-B2B6-CF8ABD0D9AF8.svproj
2025-12-24 18:27:55.644212-0500 SaneVideo[64250:2636436] 🕵️‍♀️ ProjectStore: loadProjects started loading from disk
2025-12-24 18:27:55.644358-0500 SaneVideo[64250:2636436] [Project] Found 1 project files on disk
✔ Test "Project: Save and load project" passed after 0.001 seconds.
◇ Test "Window: PiP visibility toggle" started.
2025-12-24 18:27:55.644715-0500 SaneVideo[64250:2636399] [Window] updatePiPState: isScreenSharing=false, isPiPVisible=false, shouldShow=false
✔ Test "Window: PiP visibility toggle" passed after 0.001 seconds.
◇ Test "Window: Screen sharing state toggle" started.
2025-12-24 18:27:55.644840-0500 SaneVideo[64250:2636399] [Window] updatePiPState: isScreenSharing=true, isPiPVisible=true, shouldShow=true
2025-12-24 18:27:55.644864-0500 SaneVideo[64250:2636399] [Window] Creating Floating Controls
2025-12-24 18:27:55.659526-0500 SaneVideo[64250:2636399] [Window] Creating PiP Window
2025-12-24 18:27:55.661722-0500 SaneVideo[64250:2636399] [Camera] PiP: No camera session available yet (session is nil)
✔ Test "Window: Screen sharing state toggle" passed after 0.028 seconds.
◇ Test "Filters: Filter types exist" started.
2025-12-24 18:27:55.687893-0500 SaneVideo[64250:2636399] [Camera] PiP: No camera session available yet (session is nil)
✔ Test "Filters: Filter types exist" passed after 0.014 seconds.
◇ Test "Audio: Audio service initialization" started.
✔ Test "Audio: Audio service initialization" passed after 0.001 seconds.
◇ Test "Camera: Camera service protocol exists" started.
✔ Test "Camera: Camera service protocol exists" passed after 0.001 seconds.
✘ Suite "Comprehensive Feature Tests" failed after 0.086 seconds with 3 issues.
✘ Test run with 21 tests in 1 suite failed after 0.086 seconds with 3 issues.
2025-12-24 18:28:00.203 xcodebuild[64120:2635793] [MT] IDETestOperationsObserverDebug: 5.527 elapsed -- Testing started completed.
2025-12-24 18:28:00.203 xcodebuild[64120:2635793] [MT] IDETestOperationsObserverDebug: 0.000 sec, +0.000 sec -- start
2025-12-24 18:28:00.203 xcodebuild[64120:2635793] [MT] IDETestOperationsObserverDebug: 5.527 sec, +5.527 sec -- end

Test session results, code coverage, and logs:
	/Users/sj/Library/Developer/Xcode/DerivedData/SaneVideo-earhevoqwfzlcscgrlqxftjqjxps/Logs/Test/Test-SaneVideo-2025.12.24_18-27-53--0500.xcresult

** TEST FAILED **

Testing started
